Archive member included to satisfy reference by file (symbol)

C:/msys32/home/jasonma/esp/ESP32-MAX11210/build/cxx\libcxx.a(cxx_exception_stubs.o)
                              (__cxx_fatal_exception)
C:/msys32/home/jasonma/esp/ESP32-MAX11210/build/cxx\libcxx.a(cxx_guards.o)
                              (__cxa_guard_dummy)
C:/msys32/home/jasonma/esp/ESP32-MAX11210/build/esp32\libesp32.a(cpu_start.o)
                              (call_start_cpu0)
C:/msys32/home/jasonma/esp/ESP32-MAX11210/build/esp32\libesp32.a(dbg_stubs.o)
                              C:/msys32/home/jasonma/esp/ESP32-MAX11210/build/esp32\libesp32.a(cpu_start.o) (esp_dbg_stubs_init)
C:/msys32/home/jasonma/esp/ESP32-MAX11210/build/esp32\libesp32.a(task_wdt.o)
                              C:/msys32/home/jasonma/esp/ESP32-MAX11210/build/esp32\libesp32.a(cpu_start.o) (esp_task_wdt_init)
C:/msys32/home/jasonma/esp/ESP32-MAX11210/build/esp32\libesp32.a(panic.o)
                              C:/msys32/home/jasonma/esp/ESP32-MAX11210/build/cxx\libcxx.a(cxx_exception_stubs.o) (abort)
C:/msys32/home/jasonma/esp/ESP32-MAX11210/build/esp32\libesp32.a(dport_panic_highint_hdl.o)
                              (ld_include_panic_highint_hdl)
C:/msys32/home/jasonma/esp/ESP32-MAX11210/build/esp32\libesp32.a(int_wdt.o)
                              C:/msys32/home/jasonma/esp/ESP32-MAX11210/build/esp32\libesp32.a(dport_panic_highint_hdl.o) (int_wdt_app_cpu_ticked)
C:/msys32/home/jasonma/esp/ESP32-MAX11210/build/esp32\libesp32.a(brownout.o)
                              C:/msys32/home/jasonma/esp/ESP32-MAX11210/build/esp32\libesp32.a(cpu_start.o) (esp_brownout_init)
C:/msys32/home/jasonma/esp/ESP32-MAX11210/build/esp32\libesp32.a(system_api.o)
                              C:/msys32/home/jasonma/esp/ESP32-MAX11210/build/esp32\libesp32.a(panic.o) (esp_restart_noos)
C:/msys32/home/jasonma/esp/ESP32-MAX11210/build/esp32\libesp32.a(dport_access.o)
                              C:/msys32/home/jasonma/esp/ESP32-MAX11210/build/esp32\libesp32.a(dport_panic_highint_hdl.o) (dport_access_start)
C:/msys32/home/jasonma/esp/ESP32-MAX11210/build/esp32\libesp32.a(esp_timer.o)
                              C:/msys32/home/jasonma/esp/ESP32-MAX11210/build/esp32\libesp32.a(cpu_start.o) (esp_timer_init)
C:/msys32/home/jasonma/esp/ESP32-MAX11210/build/esp32\libesp32.a(intr_alloc.o)
                              C:/msys32/home/jasonma/esp/ESP32-MAX11210/build/esp32\libesp32.a(task_wdt.o) (esp_intr_alloc)
C:/msys32/home/jasonma/esp/ESP32-MAX11210/build/esp32\libesp32.a(ipc.o)
                              C:/msys32/home/jasonma/esp/ESP32-MAX11210/build/esp32\libesp32.a(cpu_start.o) (esp_ipc_init)
C:/msys32/home/jasonma/esp/ESP32-MAX11210/build/esp32\libesp32.a(cache_err_int.o)
                              C:/msys32/home/jasonma/esp/ESP32-MAX11210/build/esp32\libesp32.a(cpu_start.o) (esp_cache_err_int_init)
C:/msys32/home/jasonma/esp/ESP32-MAX11210/build/esp32\libesp32.a(freertos_hooks.o)
                              C:/msys32/home/jasonma/esp/ESP32-MAX11210/build/esp32\libesp32.a(task_wdt.o) (esp_register_freertos_idle_hook_for_cpu)
C:/msys32/home/jasonma/esp/ESP32-MAX11210/build/esp32\libesp32.a(clk.o)
                              C:/msys32/home/jasonma/esp/ESP32-MAX11210/build/esp32\libesp32.a(cpu_start.o) (esp_clk_init)
C:/msys32/home/jasonma/esp/ESP32-MAX11210/build/esp32\libesp32.a(esp_timer_esp32.o)
                              C:/msys32/home/jasonma/esp/ESP32-MAX11210/build/esp32\libesp32.a(esp_timer.o) (esp_timer_impl_get_time)
C:/msys32/home/jasonma/esp/ESP32-MAX11210/build/esp32\libesp32.a(crosscore_int.o)
                              C:/msys32/home/jasonma/esp/ESP32-MAX11210/build/esp32\libesp32.a(cpu_start.o) (esp_crosscore_int_init)
C:/msys32/home/jasonma/esp/esp-idf/components/esp32/libhal.a(int_asm--set_intclear.o)
                              C:/msys32/home/jasonma/esp/ESP32-MAX11210/build/esp32\libesp32.a(intr_alloc.o) (xthal_set_intclear)
C:/msys32/home/jasonma/esp/ESP32-MAX11210/build/freertos\libfreertos.a(FreeRTOS-openocd.o)
                              (uxTopUsedPriority)
C:/msys32/home/jasonma/esp/ESP32-MAX11210/build/freertos\libfreertos.a(tasks.o)
                              C:/msys32/home/jasonma/esp/ESP32-MAX11210/build/esp32\libesp32.a(system_api.o) (vTaskSuspendAll)
C:/msys32/home/jasonma/esp/ESP32-MAX11210/build/freertos\libfreertos.a(port.o)
                              C:/msys32/home/jasonma/esp/ESP32-MAX11210/build/freertos\libfreertos.a(tasks.o) (pxPortInitialiseStack)
C:/msys32/home/jasonma/esp/ESP32-MAX11210/build/freertos\libfreertos.a(xtensa_init.o)
                              C:/msys32/home/jasonma/esp/ESP32-MAX11210/build/freertos\libfreertos.a(port.o) (_xt_tick_divisor_init)
C:/msys32/home/jasonma/esp/ESP32-MAX11210/build/freertos\libfreertos.a(list.o)
                              C:/msys32/home/jasonma/esp/ESP32-MAX11210/build/freertos\libfreertos.a(tasks.o) (vListInitialise)
[...]
Memory Configuration

Name             Origin             Length             Attributes
iram0_0_seg      0x40080000         0x00020000         xr
iram0_2_seg      0x400d0018         0x0032ffe8         xr
dram0_0_seg      0x3ffc0000         0x0001c200         rw
drom0_0_seg      0x3f400018         0x003fffe8         r
rtc_iram_seg     0x400c0000         0x00002000         xrw
rtc_slow_seg     0x50000000         0x00001000         rw
*default*        0x00000000         0xffffffff

Linker script and memory map

START GROUP
LOAD C:/msys32/home/jasonma/esp/ESP32-MAX11210/build/app_trace\libapp_trace.a
LOAD C:/msys32/home/jasonma/esp/ESP32-MAX11210/build/app_update\libapp_update.a
LOAD C:/msys32/home/jasonma/esp/ESP32-MAX11210/build/bootloader_support\libbootloader_support.a
LOAD C:/msys32/home/jasonma/esp/ESP32-MAX11210/build/bt\libbt.a
LOAD C:/msys32/home/jasonma/esp/esp-idf/components/bt/lib\libbtdm_app.a
LOAD C:/msys32/home/jasonma/esp/ESP32-MAX11210/build/coap\libcoap.a
LOAD C:/msys32/home/jasonma/esp/ESP32-MAX11210/build/console\libconsole.a
LOAD C:/msys32/home/jasonma/esp/ESP32-MAX11210/build/cxx\libcxx.a
LOAD C:/msys32/home/jasonma/esp/ESP32-MAX11210/build/driver\libdriver.a
LOAD C:/msys32/home/jasonma/esp/ESP32-MAX11210/build/esp-tls\libesp-tls.a
LOAD C:/msys32/home/jasonma/esp/ESP32-MAX11210/build/esp32\libesp32.a
LOAD C:/msys32/home/jasonma/esp/esp-idf/components/esp32/libhal.a
LOAD C:/msys32/home/jasonma/esp/esp-idf/components/esp32/lib\libcore.a
LOAD C:/msys32/home/jasonma/esp/esp-idf/components/esp32/lib\librtc.a
LOAD C:/msys32/home/jasonma/esp/esp-idf/components/esp32/lib\libnet80211.a
LOAD C:/msys32/home/jasonma/esp/esp-idf/components/esp32/lib\libpp.a
LOAD C:/msys32/home/jasonma/esp/esp-idf/components/esp32/lib\libwpa.a
LOAD C:/msys32/home/jasonma/esp/esp-idf/components/esp32/lib\libsmartconfig.a
LOAD C:/msys32/home/jasonma/esp/esp-idf/components/esp32/lib\libcoexist.a
LOAD C:/msys32/home/jasonma/esp/esp-idf/components/esp32/lib\libwps.a
LOAD C:/msys32/home/jasonma/esp/esp-idf/components/esp32/lib\libwpa2.a
LOAD C:/msys32/home/jasonma/esp/esp-idf/components/esp32/lib\libespnow.a
LOAD C:/msys32/home/jasonma/esp/esp-idf/components/esp32/lib\libphy.a
LOAD C:/msys32/home/jasonma/esp/esp-idf/components/esp32/lib\libmesh.a
LOAD C:/msys32/home/jasonma/esp/ESP32-MAX11210/build/esp_adc_cal\libesp_adc_cal.a
LOAD C:/msys32/home/jasonma/esp/ESP32-MAX11210/build/esp_http_client\libesp_http_client.a
LOAD C:/msys32/home/jasonma/esp/ESP32-MAX11210/build/ethernet\libethernet.a
LOAD C:/msys32/home/jasonma/esp/ESP32-MAX11210/build/expat\libexpat.a
LOAD C:/msys32/home/jasonma/esp/ESP32-MAX11210/build/fatfs\libfatfs.a
LOAD C:/msys32/home/jasonma/esp/ESP32-MAX11210/build/freertos\libfreertos.a
LOAD C:/msys32/home/jasonma/esp/ESP32-MAX11210/build/heap\libheap.a
LOAD C:/msys32/home/jasonma/esp/ESP32-MAX11210/build/idf_test\libidf_test.a
LOAD C:/msys32/home/jasonma/esp/ESP32-MAX11210/build/jsmn\libjsmn.a
LOAD C:/msys32/home/jasonma/esp/ESP32-MAX11210/build/json\libjson.a
LOAD C:/msys32/home/jasonma/esp/ESP32-MAX11210/build/libsodium\liblibsodium.a
LOAD C:/msys32/home/jasonma/esp/ESP32-MAX11210/build/log\liblog.a
LOAD C:/msys32/home/jasonma/esp/ESP32-MAX11210/build/lwip\liblwip.a
LOAD C:/msys32/home/jasonma/esp/ESP32-MAX11210/build/main\libmain.a
LOAD C:/msys32/home/jasonma/esp/ESP32-MAX11210/build/mbedtls\libmbedtls.a
LOAD C:/msys32/home/jasonma/esp/ESP32-MAX11210/build/mdns\libmdns.a
LOAD C:/msys32/home/jasonma/esp/ESP32-MAX11210/build/micro-ecc\libmicro-ecc.a
LOAD C:/msys32/home/jasonma/esp/esp-idf/components/newlib/lib/libc.a
LOAD C:/msys32/home/jasonma/esp/esp-idf/components/newlib/lib/libm.a
LOAD C:/msys32/home/jasonma/esp/ESP32-MAX11210/build/newlib\libnewlib.a
LOAD C:/msys32/home/jasonma/esp/ESP32-MAX11210/build/nghttp\libnghttp.a
LOAD C:/msys32/home/jasonma/esp/ESP32-MAX11210/build/nvs_flash\libnvs_flash.a
LOAD C:/msys32/home/jasonma/esp/ESP32-MAX11210/build/openssl\libopenssl.a
LOAD C:/msys32/home/jasonma/esp/ESP32-MAX11210/build/pthread\libpthread.a
LOAD C:/msys32/home/jasonma/esp/ESP32-MAX11210/build/sdmmc\libsdmmc.a
LOAD C:/msys32/home/jasonma/esp/ESP32-MAX11210/build/smartconfig_ack\libsmartconfig_ack.a
LOAD C:/msys32/home/jasonma/esp/ESP32-MAX11210/build/soc\libsoc.a
LOAD C:/msys32/home/jasonma/esp/ESP32-MAX11210/build/spi_flash\libspi_flash.a
LOAD C:/msys32/home/jasonma/esp/ESP32-MAX11210/build/spiffs\libspiffs.a
LOAD C:/msys32/home/jasonma/esp/ESP32-MAX11210/build/tcpip_adapter\libtcpip_adapter.a
LOAD C:/msys32/home/jasonma/esp/ESP32-MAX11210/build/ulp\libulp.a
LOAD C:/msys32/home/jasonma/esp/ESP32-MAX11210/build/vfs\libvfs.a
LOAD C:/msys32/home/jasonma/esp/ESP32-MAX11210/build/wear_levelling\libwear_levelling.a
LOAD C:/msys32/home/jasonma/esp/ESP32-MAX11210/build/wpa_supplicant\libwpa_supplicant.a
LOAD C:/msys32/home/jasonma/esp/ESP32-MAX11210/build/xtensa-debug-module\libxtensa-debug-module.a
LOAD c:/msys32/opt/xtensa-esp32-elf/bin/../lib/gcc/xtensa-esp32-elf/5.2.0\libgcc.a
LOAD c:/msys32/opt/xtensa-esp32-elf/bin/../lib/gcc/xtensa-esp32-elf/5.2.0/../../../../xtensa-esp32-elf/lib\libstdc++.a
LOAD c:/msys32/opt/xtensa-esp32-elf/bin/../lib/gcc/xtensa-esp32-elf/5.2.0\libgcov.a
END GROUP
                0x40000000                _heap_end = 0x40000000

.rtc.text       0x400c0000        0x0
                0x400c0000                . = ALIGN (0x4)
 *(.rtc.literal .rtc.text)
 *rtc_wake_stub*.o(.literal .text .literal.* .text.*)

.rtc.data       0x50000000        0x0
                0x50000000                _rtc_data_start = ABSOLUTE (.)
 *(.rtc.data)
 *(.rtc.rodata)
 *rtc_wake_stub*.o(.data .rodata .data.* .rodata.* .bss .bss.*)
                0x50000000                _rtc_data_end = ABSOLUTE (.)

.rtc.bss        0x50000000        0x0
                0x50000000                _rtc_bss_start = ABSOLUTE (.)
 *rtc_wake_stub*.o(.bss .bss.*)
 *rtc_wake_stub*.o(COMMON)
                0x50000000                _rtc_bss_end = ABSOLUTE (.)

.iram0.vectors  0x40080000      0x400
                0x40080000                _init_start = ABSOLUTE (.)
                0x00000000                . = 0x0
 *(.WindowVectors.text)
 .WindowVectors.text
                0x40080000      0x16a C:/msys32/home/jasonma/esp/ESP32-MAX11210/build/freertos\libfreertos.a(xtensa_vectors.o)
                0x40080000                _WindowOverflow4
                0x40080040                _WindowUnderflow4
                0x40080050                _xt_alloca_exc
                0x40080080                _WindowOverflow8
                0x400800c0                _WindowUnderflow8
                0x40080100                _WindowOverflow12
                0x40080140                _WindowUnderflow12
                0x00000180                . = 0x180
 *fill*         0x4008016a       0x16 
 *(.Level2InterruptVector.text)
 .Level2InterruptVector.text
                0x40080180        0x6 C:/msys32/home/jasonma/esp/ESP32-MAX11210/build/freertos\libfreertos.a(xtensa_vectors.o)
                0x40080180                _Level2Vector
                0x000001c0                . = 0x1c0
 *fill*         0x40080186       0x3a 
 *(.Level3InterruptVector.text)
 .Level3InterruptVector.text
                0x400801c0        0x6 C:/msys32/home/jasonma/esp/ESP32-MAX11210/build/freertos\libfreertos.a(xtensa_vectors.o)
                0x400801c0                _Level3Vector
                0x00000200                . = 0x200
 *fill*         0x400801c6       0x3a 
 *(.Level4InterruptVector.text)
 .Level4InterruptVector.text
                0x40080200        0x6 C:/msys32/home/jasonma/esp/ESP32-MAX11210/build/freertos\libfreertos.a(xtensa_vectors.o)
                0x40080200                _Level4Vector
                0x00000240                . = 0x240
 *fill*         0x40080206       0x3a 
 *(.Level5InterruptVector.text)
 .Level5InterruptVector.text
                0x40080240        0x6 C:/msys32/home/jasonma/esp/ESP32-MAX11210/build/freertos\libfreertos.a(xtensa_vectors.o)
                0x40080240                _Level5Vector
                0x00000280                . = 0x280
 *fill*         0x40080246       0x3a 
 *(.DebugExceptionVector.text)
 .DebugExceptionVector.text
                0x40080280        0x6 C:/msys32/home/jasonma/esp/ESP32-MAX11210/build/freertos\libfreertos.a(xtensa_vectors.o)
                0x40080280                _DebugExceptionVector
                0x000002c0                . = 0x2c0
 *fill*         0x40080286       0x3a 
 *(.NMIExceptionVector.text)
 .NMIExceptionVector.text
                0x400802c0        0x6 C:/msys32/home/jasonma/esp/ESP32-MAX11210/build/freertos\libfreertos.a(xtensa_vectors.o)
                0x400802c0                _NMIExceptionVector
                0x00000300                . = 0x300
 *fill*         0x400802c6       0x3a 
 *(.KernelExceptionVector.text)
 .KernelExceptionVector.text
                0x40080300        0x6 C:/msys32/home/jasonma/esp/ESP32-MAX11210/build/freertos\libfreertos.a(xtensa_vectors.o)
                0x40080300                _KernelExceptionVector
                0x00000340                . = 0x340
 *fill*         0x40080306       0x3a 
 *(.UserExceptionVector.text)
 .UserExceptionVector.text
                0x40080340        0x6 C:/msys32/home/jasonma/esp/ESP32-MAX11210/build/freertos\libfreertos.a(xtensa_vectors.o)
                0x40080340                _UserExceptionVector
                0x000003c0                . = 0x3c0
 *fill*         0x40080346       0x7a 
 *(.DoubleExceptionVector.text)
 .DoubleExceptionVector.text
                0x400803c0        0xf C:/msys32/home/jasonma/esp/ESP32-MAX11210/build/freertos\libfreertos.a(xtensa_vectors.o)
                0x400803c0                _DoubleExceptionVector
                0x00000400                . = 0x400
 *fill*         0x400803cf       0x31 
 *(.*Vector.literal)
 *(.UserEnter.literal)
 *(.UserEnter.text)
                0x40080400                . = ALIGN (0x10)
 *(.entry.text)
 *(.init.literal)
 *(.init)
                0x40080400                _init_end = ABSOLUTE (.)
                0x00000000                _iram_start = 0x0

.iram0.text     0x40080400     0x8754
                0x40080400                _iram_text_start = ABSOLUTE (.)
 *(.iram1 .iram1.*)
 .iram1.literal
                0x40080400       0xa8 C:/msys32/home/jasonma/esp/ESP32-MAX11210/build/esp32\libesp32.a(cpu_start.o)
                                0x1c4 (size before relaxing)
 .iram1.literal
                0x400804a8       0x24 C:/msys32/home/jasonma/esp/ESP32-MAX11210/build/esp32\libesp32.a(dport_panic_highint_hdl.o)
                                 0x28 (size before relaxing)
 .iram1.literal
                0x400804cc        0x8 C:/msys32/home/jasonma/esp/ESP32-MAX11210/build/esp32\libesp32.a(int_wdt.o)
                                  0xc (size before relaxing)
 .iram1.literal
                0x400804d4       0x64 C:/msys32/home/jasonma/esp/ESP32-MAX11210/build/esp32\libesp32.a(system_api.o)
                                 0xc0 (size before relaxing)
 .iram1.literal
                0x40080538       0x28 C:/msys32/home/jasonma/esp/ESP32-MAX11210/build/esp32\libesp32.a(dport_access.o)
                                 0x88 (size before relaxing)
 .iram1.literal
                0x40080560       0x2c C:/msys32/home/jasonma/esp/ESP32-MAX11210/build/esp32\libesp32.a(esp_timer.o)
                                 0x70 (size before relaxing)
 .iram1.literal
                0x4008058c       0x20 C:/msys32/home/jasonma/esp/ESP32-MAX11210/build/esp32\libesp32.a(intr_alloc.o)
                                 0x7c (size before relaxing)
 .iram1.literal
                0x400805ac       0x20 C:/msys32/home/jasonma/esp/ESP32-MAX11210/build/esp32\libesp32.a(ipc.o)
                                 0x34 (size before relaxing)
 .iram1.literal
                0x400805cc        0xc C:/msys32/home/jasonma/esp/ESP32-MAX11210/build/esp32\libesp32.a(cache_err_int.o)
                                 0x18 (size before relaxing)
 .iram1.literal
                0x400805d8        0x4 C:/msys32/home/jasonma/esp/ESP32-MAX11210/build/esp32\libesp32.a(freertos_hooks.o)
 .iram1.literal
                0x400805dc        0xc C:/msys32/home/jasonma/esp/ESP32-MAX11210/build/esp32\libesp32.a(clk.o)
                                 0x18 (size before relaxing)
 .iram1.literal
                0x400805e8       0x58 C:/msys32/home/jasonma/esp/ESP32-MAX11210/build/esp32\libesp32.a(esp_timer_esp32.o)
                                 0xf0 (size before relaxing)
 .iram1.literal
                0x40080640       0x1c C:/msys32/home/jasonma/esp/ESP32-MAX11210/build/esp32\libesp32.a(crosscore_int.o)
                                 0x40 (size before relaxing)
 .iram1.literal
                0x4008065c        0x4 C:/msys32/home/jasonma/esp/ESP32-MAX11210/build/freertos\libfreertos.a(port.o)
 .iram1.literal
                0x40080660       0x44 C:/msys32/home/jasonma/esp/ESP32-MAX11210/build/freertos\libfreertos.a(xtensa_vectors.o)
                                 0x68 (size before relaxing)
 .iram1.literal
                0x400806a4       0x58 C:/msys32/home/jasonma/esp/ESP32-MAX11210/build/heap\libheap.a(heap_caps.o)
                                 0xb0 (size before relaxing)
 .iram1.literal
                0x400806fc       0x24 C:/msys32/home/jasonma/esp/ESP32-MAX11210/build/log\liblog.a(log.o)
                                 0x48 (size before relaxing)
 .iram1.literal
                0x40080720       0x14 C:/msys32/home/jasonma/esp/ESP32-MAX11210/build/newlib\libnewlib.a(locks.o)
                                 0x90 (size before relaxing)
 .iram1.literal
                0x40080734        0x0 C:/msys32/home/jasonma/esp/ESP32-MAX11210/build/newlib\libnewlib.a(syscalls.o)
                                 0x14 (size before relaxing)
 .iram1.literal
                0x40080734        0x8 C:/msys32/home/jasonma/esp/ESP32-MAX11210/build/newlib\libnewlib.a(reent_init.o)
                                 0x10 (size before relaxing)
 .iram1.literal
                0x4008073c        0x0 C:/msys32/home/jasonma/esp/ESP32-MAX11210/build/newlib\libnewlib.a(time.o)
                                 0x1c (size before relaxing)
 .iram1.literal
                0x4008073c       0x1c C:/msys32/home/jasonma/esp/ESP32-MAX11210/build/soc\libsoc.a(cpu_util.o)
                                 0x30 (size before relaxing)
 .iram1.literal
                0x40080758       0x38 C:/msys32/home/jasonma/esp/ESP32-MAX11210/build/spi_flash\libspi_flash.a(flash_ops.o)
                                 0xe4 (size before relaxing)
 .iram1.literal
                0x40080790       0x50 C:/msys32/home/jasonma/esp/ESP32-MAX11210/build/spi_flash\libspi_flash.a(cache_utils.o)
                                0x114 (size before relaxing)
 .iram1.literal
                0x400807e0       0x4c C:/msys32/home/jasonma/esp/ESP32-MAX11210/build/spi_flash\libspi_flash.a(flash_mmap.o)
                                0x108 (size before relaxing)
 .literal.prvResetNextTaskUnblockTime
                0x4008082c        0x8 C:/msys32/home/jasonma/esp/ESP32-MAX11210/build/freertos\libfreertos.a(tasks.o)
 .literal.prvDeleteTLS
                0x40080834       0x10 C:/msys32/home/jasonma/esp/ESP32-MAX11210/build/freertos\libfreertos.a(tasks.o)
                                 0x18 (size before relaxing)
 .literal.prvInitialiseNewTask
                0x40080844        0x0 C:/msys32/home/jasonma/esp/ESP32-MAX11210/build/freertos\libfreertos.a(tasks.o)
                                 0x18 (size before relaxing)
 .literal.prvInitialiseTaskLists
                0x40080844       0x20 C:/msys32/home/jasonma/esp/ESP32-MAX11210/build/freertos\libfreertos.a(tasks.o)
                                 0x40 (size before relaxing)
 .literal.prvDeleteTCB
                0x40080864        0x8 C:/msys32/home/jasonma/esp/ESP32-MAX11210/build/freertos\libfreertos.a(tasks.o)
                                 0x2c (size before relaxing)
 .literal.prvAddCurrentTaskToDelayedList
                0x4008086c        0x4 C:/msys32/home/jasonma/esp/ESP32-MAX11210/build/freertos\libfreertos.a(tasks.o)
                                 0x1c (size before relaxing)
 .literal.taskYIELD_OTHER_CORE
                0x40080870        0x0 C:/msys32/home/jasonma/esp/ESP32-MAX11210/build/freertos\libfreertos.a(tasks.o)
                                 0x10 (size before relaxing)
 .literal.vTaskSuspendAll
                0x40080870        0x4 C:/msys32/home/jasonma/esp/ESP32-MAX11210/build/freertos\libfreertos.a(tasks.o)
                                  0x8 (size before relaxing)
 .literal.xTaskGetIdleTaskHandleForCPU
                0x40080874        0xc C:/msys32/home/jasonma/esp/ESP32-MAX11210/build/freertos\libfreertos.a(tasks.o)
                                 0x1c (size before relaxing)
 .literal.vTaskSwitchContext
                0x40080880       0x18 C:/msys32/home/jasonma/esp/ESP32-MAX11210/build/freertos\libfreertos.a(tasks.o)
                                 0x3c (size before relaxing)
 .literal.vTaskSetTimeOutState
                0x40080898        0xc C:/msys32/home/jasonma/esp/ESP32-MAX11210/build/freertos\libfreertos.a(tasks.o)
                                 0x20 (size before relaxing)
 .literal.xTaskGetCurrentTaskHandle
                0x400808a4        0x0 C:/msys32/home/jasonma/esp/ESP32-MAX11210/build/freertos\libfreertos.a(tasks.o)
                                  0x8 (size before relaxing)
 .literal.__getreent
                0x400808a4        0x0 C:/msys32/home/jasonma/esp/ESP32-MAX11210/build/freertos\libfreertos.a(tasks.o)
                                  0x8 (size before relaxing)
 .literal.pcTaskGetTaskName
                0x400808a4        0x8 C:/msys32/home/jasonma/esp/ESP32-MAX11210/build/freertos\libfreertos.a(tasks.o)
                                 0x1c (size before relaxing)
 .literal.xTaskGetAffinity
                0x400808ac        0x0 C:/msys32/home/jasonma/esp/ESP32-MAX11210/build/freertos\libfreertos.a(tasks.o)
                                  0x4 (size before relaxing)
 .literal.xTaskGetCurrentTaskHandleForCPU
                0x400808ac        0x0 C:/msys32/home/jasonma/esp/ESP32-MAX11210/build/freertos\libfreertos.a(tasks.o)
                                  0x4 (size before relaxing)
 .literal.xTaskGetSchedulerState
                0x400808ac        0x4 C:/msys32/home/jasonma/esp/ESP32-MAX11210/build/freertos\libfreertos.a(tasks.o)
                                  0xc (size before relaxing)
 .literal.vTaskEnterCritical
                0x400808b0       0x20 C:/msys32/home/jasonma/esp/ESP32-MAX11210/build/freertos\libfreertos.a(tasks.o)
                                 0x34 (size before relaxing)
 .literal.vTaskExitCritical
                0x400808d0       0x10 C:/msys32/home/jasonma/esp/ESP32-MAX11210/build/freertos\libfreertos.a(tasks.o)
                                 0x30 (size before relaxing)
 .literal.prvAddNewTaskToReadyList
                0x400808e0       0x10 C:/msys32/home/jasonma/esp/ESP32-MAX11210/build/freertos\libfreertos.a(tasks.o)
                                 0x58 (size before relaxing)
 .literal.xTaskCreatePinnedToCore
                0x400808f0        0x0 C:/msys32/home/jasonma/esp/ESP32-MAX11210/build/freertos\libfreertos.a(tasks.o)
                                 0x18 (size before relaxing)
 .literal.vTaskStartScheduler
                0x400808f0       0x10 C:/msys32/home/jasonma/esp/ESP32-MAX11210/build/freertos\libfreertos.a(tasks.o)
                                 0x38 (size before relaxing)
 .literal.vTaskDelete
                0x40080900        0x8 C:/msys32/home/jasonma/esp/ESP32-MAX11210/build/freertos\libfreertos.a(tasks.o)
                                 0x60 (size before relaxing)
 .literal.vTaskDelay
                0x40080908        0x4 C:/msys32/home/jasonma/esp/ESP32-MAX11210/build/freertos\libfreertos.a(tasks.o)
                                 0x38 (size before relaxing)
 .literal.prvCheckTasksWaitingTermination
                0x4008090c        0x8 C:/msys32/home/jasonma/esp/ESP32-MAX11210/build/freertos\libfreertos.a(tasks.o)
                                 0x30 (size before relaxing)
 .literal.prvIdleTask
                0x40080914        0x0 C:/msys32/home/jasonma/esp/ESP32-MAX11210/build/freertos\libfreertos.a(tasks.o)
                                  0xc (size before relaxing)
 .literal.xTaskGetTickCount
                0x40080914        0x4 C:/msys32/home/jasonma/esp/ESP32-MAX11210/build/freertos\libfreertos.a(tasks.o)
                                 0x10 (size before relaxing)
 .literal.xTaskIncrementTick
                0x40080918        0xc C:/msys32/home/jasonma/esp/ESP32-MAX11210/build/freertos\libfreertos.a(tasks.o)
                                 0x78 (size before relaxing)
 .literal.xTaskResumeAll
                0x40080924        0x8 C:/msys32/home/jasonma/esp/ESP32-MAX11210/build/freertos\libfreertos.a(tasks.o)
                                 0x5c (size before relaxing)
 .literal.vTaskPlaceOnEventList
                0x4008092c        0x8 C:/msys32/home/jasonma/esp/ESP32-MAX11210/build/freertos\libfreertos.a(tasks.o)
                                 0x40 (size before relaxing)
 .literal.vTaskPlaceOnEventListRestricted
                0x40080934        0x8 C:/msys32/home/jasonma/esp/ESP32-MAX11210/build/freertos\libfreertos.a(tasks.o)
                                 0x38 (size before relaxing)
 .literal.xTaskRemoveFromEventList
                0x4008093c        0x8 C:/msys32/home/jasonma/esp/ESP32-MAX11210/build/freertos\libfreertos.a(tasks.o)
                                 0x58 (size before relaxing)
 .literal.xTaskCheckForTimeOut
                0x40080944        0xc C:/msys32/home/jasonma/esp/ESP32-MAX11210/build/freertos\libfreertos.a(tasks.o)
                                 0x3c (size before relaxing)
 .literal.vTaskPriorityInherit
                0x40080950        0x0 C:/msys32/home/jasonma/esp/ESP32-MAX11210/build/freertos\libfreertos.a(tasks.o)
                                 0x2c (size before relaxing)
 .literal.xTaskPriorityDisinherit
                0x40080950        0x8 C:/msys32/home/jasonma/esp/ESP32-MAX11210/build/freertos\libfreertos.a(tasks.o)
                                 0x40 (size before relaxing)
 .literal.pvTaskIncrementMutexHeldCount
                0x40080958        0x0 C:/msys32/home/jasonma/esp/ESP32-MAX11210/build/freertos\libfreertos.a(tasks.o)
                                 0x10 (size before relaxing)
 .literal.pxPortInitialiseStack
                0x40080958       0x10 C:/msys32/home/jasonma/esp/ESP32-MAX11210/build/freertos\libfreertos.a(port.o)
                                 0x18 (size before relaxing)
 .literal.xPortStartScheduler
                0x40080968        0x0 C:/msys32/home/jasonma/esp/ESP32-MAX11210/build/freertos\libfreertos.a(port.o)
                                 0x14 (size before relaxing)
 .literal.xPortSysTickHandler
                0x40080968        0x0 C:/msys32/home/jasonma/esp/ESP32-MAX11210/build/freertos\libfreertos.a(port.o)
                                  0x8 (size before relaxing)
 .literal.vPortYieldOtherCore
                0x40080968        0x0 C:/msys32/home/jasonma/esp/ESP32-MAX11210/build/freertos\libfreertos.a(port.o)
                                  0x4 (size before relaxing)
 .literal.vPortReleaseTaskMPUSettings
                0x40080968        0x0 C:/msys32/home/jasonma/esp/ESP32-MAX11210/build/freertos\libfreertos.a(port.o)
                                  0x4 (size before relaxing)
 .literal.xPortInIsrContext
                0x40080968        0x0 C:/msys32/home/jasonma/esp/ESP32-MAX11210/build/freertos\libfreertos.a(port.o)
                                  0x8 (size before relaxing)
 .literal.vPortCPUInitializeMutex
                0x40080968        0x0 C:/msys32/home/jasonma/esp/ESP32-MAX11210/build/freertos\libfreertos.a(port.o)
                                  0x4 (size before relaxing)
 .literal.vPortCPUAcquireMutex
                0x40080968       0x14 C:/msys32/home/jasonma/esp/ESP32-MAX11210/build/freertos\libfreertos.a(port.o)
                                 0x30 (size before relaxing)
 .literal.vPortCPUReleaseMutex
                0x4008097c       0x10 C:/msys32/home/jasonma/esp/ESP32-MAX11210/build/freertos\libfreertos.a(port.o)
                                 0x28 (size before relaxing)
 .literal._xt_tick_divisor_init
                0x4008098c        0x8 C:/msys32/home/jasonma/esp/ESP32-MAX11210/build/freertos\libfreertos.a(xtensa_init.o)
                                  0xc (size before relaxing)
 .literal.prvIsQueueFull
                0x40080994        0x0 C:/msys32/home/jasonma/esp/ESP32-MAX11210/build/freertos\libfreertos.a(queue.o)
                                  0x8 (size before relaxing)
 .literal.prvCopyDataToQueue
                0x40080994        0x0 C:/msys32/home/jasonma/esp/ESP32-MAX11210/build/freertos\libfreertos.a(queue.o)
                                  0xc (size before relaxing)
 .literal.prvNotifyQueueSetContainer
                0x40080994       0x14 C:/msys32/home/jasonma/esp/ESP32-MAX11210/build/freertos\libfreertos.a(queue.o)
                                 0x2c (size before relaxing)
 .literal.prvCopyDataFromQueue
                0x400809a8        0x0 C:/msys32/home/jasonma/esp/ESP32-MAX11210/build/freertos\libfreertos.a(queue.o)
                                  0x4 (size before relaxing)
 .literal.xQueueGenericReset
                0x400809a8        0x4 C:/msys32/home/jasonma/esp/ESP32-MAX11210/build/freertos\libfreertos.a(queue.o)
                                 0x30 (size before relaxing)
 .literal.prvInitialiseNewQueue
                0x400809ac        0x0 C:/msys32/home/jasonma/esp/ESP32-MAX11210/build/freertos\libfreertos.a(queue.o)
                                  0x4 (size before relaxing)
 .literal.xQueueGenericCreate
                0x400809ac        0x4 C:/msys32/home/jasonma/esp/ESP32-MAX11210/build/freertos\libfreertos.a(queue.o)
                                 0x1c (size before relaxing)
 .literal.xQueueGetMutexHolder
                0x400809b0        0x0 C:/msys32/home/jasonma/esp/ESP32-MAX11210/build/freertos\libfreertos.a(queue.o)
                                  0x8 (size before relaxing)
 .literal.xQueueCreateCountingSemaphore
                0x400809b0        0x4 C:/msys32/home/jasonma/esp/ESP32-MAX11210/build/freertos\libfreertos.a(queue.o)
                                 0x28 (size before relaxing)
 .literal.xQueueGenericSend
                0x400809b4        0x4 C:/msys32/home/jasonma/esp/ESP32-MAX11210/build/freertos\libfreertos.a(queue.o)
                                 0x7c (size before relaxing)
 .literal.prvInitialiseMutex
                0x400809b8        0x0 C:/msys32/home/jasonma/esp/ESP32-MAX11210/build/freertos\libfreertos.a(queue.o)
                                  0x8 (size before relaxing)
 .literal.xQueueCreateMutex
                0x400809b8        0x0 C:/msys32/home/jasonma/esp/ESP32-MAX11210/build/freertos\libfreertos.a(queue.o)
                                  0x8 (size before relaxing)
 .literal.xQueueGiveMutexRecursive
                0x400809b8        0x4 C:/msys32/home/jasonma/esp/ESP32-MAX11210/build/freertos\libfreertos.a(queue.o)
                                 0x1c (size before relaxing)
 .literal.xQueueGenericSendFromISR
                0x400809bc        0x4 C:/msys32/home/jasonma/esp/ESP32-MAX11210/build/freertos\libfreertos.a(queue.o)
                                 0x3c (size before relaxing)
 .literal.xQueueGiveFromISR
                0x400809c0        0x4 C:/msys32/home/jasonma/esp/ESP32-MAX11210/build/freertos\libfreertos.a(queue.o)
                                 0x30 (size before relaxing)
 .literal.xQueueGenericReceive
                0x400809c4        0x4 C:/msys32/home/jasonma/esp/ESP32-MAX11210/build/freertos\libfreertos.a(queue.o)
                                 0x78 (size before relaxing)
 .literal.xQueueTakeMutexRecursive
                0x400809c8        0x4 C:/msys32/home/jasonma/esp/ESP32-MAX11210/build/freertos\libfreertos.a(queue.o)
                                 0x1c (size before relaxing)
 .literal.xQueueReceiveFromISR
                0x400809cc        0x4 C:/msys32/home/jasonma/esp/ESP32-MAX11210/build/freertos\libfreertos.a(queue.o)
                                 0x30 (size before relaxing)
 .literal.vQueueDelete
                0x400809d0        0x4 C:/msys32/home/jasonma/esp/ESP32-MAX11210/build/freertos\libfreertos.a(queue.o)
                                 0x18 (size before relaxing)
 .literal.vQueueWaitForMessageRestricted
                0x400809d4        0x0 C:/msys32/home/jasonma/esp/ESP32-MAX11210/build/freertos\libfreertos.a(queue.o)
                                  0xc (size before relaxing)
 .literal.xt_unhandled_interrupt
                0x400809d4        0x4 C:/msys32/home/jasonma/esp/ESP32-MAX11210/build/freertos\libfreertos.a(xtensa_intr.o)
                                  0x8 (size before relaxing)
 .literal.xt_set_interrupt_handler
                0x400809d8        0x8 C:/msys32/home/jasonma/esp/ESP32-MAX11210/build/freertos\libfreertos.a(xtensa_intr.o)
                                  0xc (size before relaxing)
 .literal       0x400809e0        0xc C:/msys32/home/jasonma/esp/ESP32-MAX11210/build/freertos\libfreertos.a(portasm.o)
                                 0x54 (size before relaxing)
 .literal       0x400809ec        0x0 C:/msys32/home/jasonma/esp/ESP32-MAX11210/build/freertos\libfreertos.a(xtensa_context.o)
                                 0x10 (size before relaxing)
 .literal.prvGetNextExpireTime
                0x400809ec        0x4 C:/msys32/home/jasonma/esp/ESP32-MAX11210/build/freertos\libfreertos.a(timers.o)
 .literal.prvInsertTimerInActiveList
                0x400809f0        0x4 C:/msys32/home/jasonma/esp/ESP32-MAX11210/build/freertos\libfreertos.a(timers.o)
                                 0x10 (size before relaxing)
 .literal.prvCheckForValidListAndQueue
                0x400809f4       0x1c C:/msys32/home/jasonma/esp/ESP32-MAX11210/build/freertos\libfreertos.a(timers.o)
                                 0x44 (size before relaxing)
 .literal.xTimerCreateTimerTask
                0x40080a10       0x10 C:/msys32/home/jasonma/esp/ESP32-MAX11210/build/freertos\libfreertos.a(timers.o)
                                 0x2c (size before relaxing)
 .literal.xTimerGenericCommand
                0x40080a20        0x0 C:/msys32/home/jasonma/esp/ESP32-MAX11210/build/freertos\libfreertos.a(timers.o)
                                 0x14 (size before relaxing)
 .literal.prvSwitchTimerLists
                0x40080a20        0x4 C:/msys32/home/jasonma/esp/ESP32-MAX11210/build/freertos\libfreertos.a(timers.o)
                                 0x28 (size before relaxing)
 .literal.prvSampleTimeNow
                0x40080a24        0x4 C:/msys32/home/jasonma/esp/ESP32-MAX11210/build/freertos\libfreertos.a(timers.o)
                                  0xc (size before relaxing)
 .literal.prvProcessExpiredTimer
                0x40080a28        0x4 C:/msys32/home/jasonma/esp/ESP32-MAX11210/build/freertos\libfreertos.a(timers.o)
                                 0x24 (size before relaxing)
 .literal.prvProcessTimerOrBlockTask
                0x40080a2c        0x0 C:/msys32/home/jasonma/esp/ESP32-MAX11210/build/freertos\libfreertos.a(timers.o)
                                 0x24 (size before relaxing)
 .literal.prvProcessReceivedCommands
                0x40080a2c        0x8 C:/msys32/home/jasonma/esp/ESP32-MAX11210/build/freertos\libfreertos.a(timers.o)
                                 0x40 (size before relaxing)
 .literal.prvTimerTask
                0x40080a34        0x0 C:/msys32/home/jasonma/esp/ESP32-MAX11210/build/freertos\libfreertos.a(timers.o)
                                  0xc (size before relaxing)
 .literal.get_prev_free_block
                0x40080a34       0x10 C:/msys32/home/jasonma/esp/ESP32-MAX11210/build/heap\libheap.a(multi_heap.o)
                                 0x28 (size before relaxing)
 .literal.split_if_necessary
                0x40080a44       0x10 C:/msys32/home/jasonma/esp/ESP32-MAX11210/build/heap\libheap.a(multi_heap.o)
                                 0x50 (size before relaxing)
 .literal.assert_valid_block
                0x40080a54        0x0 C:/msys32/home/jasonma/esp/ESP32-MAX11210/build/heap\libheap.a(multi_heap.o)
                                 0x2c (size before relaxing)
 .literal.merge_adjacent
                0x40080a54        0x8 C:/msys32/home/jasonma/esp/ESP32-MAX11210/build/heap\libheap.a(multi_heap.o)
                                 0x4c (size before relaxing)
 .literal.multi_heap_get_allocated_size_impl
                0x40080a5c        0x0 C:/msys32/home/jasonma/esp/ESP32-MAX11210/build/heap\libheap.a(multi_heap.o)
                                 0x10 (size before relaxing)
 .literal.multi_heap_malloc_impl
                0x40080a5c        0x0 C:/msys32/home/jasonma/esp/ESP32-MAX11210/build/heap\libheap.a(multi_heap.o)
                                 0x28 (size before relaxing)
 .literal.multi_heap_free_impl
                0x40080a5c        0x0 C:/msys32/home/jasonma/esp/ESP32-MAX11210/build/heap\libheap.a(multi_heap.o)
                                 0x50 (size before relaxing)
 .literal.multi_heap_realloc_impl
                0x40080a5c        0x8 C:/msys32/home/jasonma/esp/ESP32-MAX11210/build/heap\libheap.a(multi_heap.o)
                                 0x68 (size before relaxing)
 .literal.panicPutChar
                0x40080a64        0x8 C:/msys32/home/jasonma/esp/ESP32-MAX11210/build/esp32\libesp32.a(panic.o)
 .literal.panicPutStr
                0x40080a6c        0x0 C:/msys32/home/jasonma/esp/ESP32-MAX11210/build/esp32\libesp32.a(panic.o)
                                  0x4 (size before relaxing)
 .literal.panicPutHex
                0x40080a6c        0x0 C:/msys32/home/jasonma/esp/ESP32-MAX11210/build/esp32\libesp32.a(panic.o)
                                  0x8 (size before relaxing)
 .literal.panicPutDec
                0x40080a6c        0x4 C:/msys32/home/jasonma/esp/ESP32-MAX11210/build/esp32\libesp32.a(panic.o)
                                 0x10 (size before relaxing)
 .literal.reconfigureAllWdts
                0x40080a70       0x10 C:/msys32/home/jasonma/esp/ESP32-MAX11210/build/esp32\libesp32.a(panic.o)
                                 0x24 (size before relaxing)
 .literal.putEntry
                0x40080a80       0x10 C:/msys32/home/jasonma/esp/ESP32-MAX11210/build/esp32\libesp32.a(panic.o)
                                 0x20 (size before relaxing)
 .literal.doBacktrace
                0x40080a90       0x10 C:/msys32/home/jasonma/esp/ESP32-MAX11210/build/esp32\libesp32.a(panic.o)
                                 0x24 (size before relaxing)
 .literal.invoke_abort
                0x40080aa0        0x4 C:/msys32/home/jasonma/esp/ESP32-MAX11210/build/esp32\libesp32.a(panic.o)
                                  0x8 (size before relaxing)
 .literal.haltOtherCore
                0x40080aa4        0x0 C:/msys32/home/jasonma/esp/ESP32-MAX11210/build/esp32\libesp32.a(panic.o)
                                  0x4 (size before relaxing)
 .literal.esp_panic_wdt_start
                0x40080aa4       0x14 C:/msys32/home/jasonma/esp/ESP32-MAX11210/build/esp32\libesp32.a(panic.o)
                                 0x2c (size before relaxing)
 .literal.commonErrorHandler_dump
                0x40080ab8       0x30 C:/msys32/home/jasonma/esp/ESP32-MAX11210/build/esp32\libesp32.a(panic.o)
                                 0x90 (size before relaxing)
 .literal.esp_panic_dig_reset
                0x40080ae8        0x0 C:/msys32/home/jasonma/esp/ESP32-MAX11210/build/esp32\libesp32.a(panic.o)
                                 0x14 (size before relaxing)
 .literal.abort
                0x40080ae8        0x8 C:/msys32/home/jasonma/esp/ESP32-MAX11210/build/esp32\libesp32.a(panic.o)
                                 0x10 (size before relaxing)
 .literal.vApplicationStackOverflowHook
                0x40080af0        0x8 C:/msys32/home/jasonma/esp/ESP32-MAX11210/build/esp32\libesp32.a(panic.o)
                                 0x18 (size before relaxing)
 .literal.esp_panic_wdt_stop
                0x40080af8        0x0 C:/msys32/home/jasonma/esp/ESP32-MAX11210/build/esp32\libesp32.a(panic.o)
                                 0x18 (size before relaxing)
 .literal.commonErrorHandler
                0x40080af8        0x4 C:/msys32/home/jasonma/esp/ESP32-MAX11210/build/esp32\libesp32.a(panic.o)
                                 0x28 (size before relaxing)
 .literal.panicHandler
                0x40080afc       0x34 C:/msys32/home/jasonma/esp/ESP32-MAX11210/build/esp32\libesp32.a(panic.o)
                                 0xa4 (size before relaxing)
 .literal.xt_unhandled_exception
                0x40080b30       0x14 C:/msys32/home/jasonma/esp/ESP32-MAX11210/build/esp32\libesp32.a(panic.o)
                                 0x60 (size before relaxing)
 .literal._esp_error_check_failed
                0x40080b44        0xc C:/msys32/home/jasonma/esp/ESP32-MAX11210/build/esp32\libesp32.a(panic.o)
                                 0x1c (size before relaxing)
 .literal.rtc_clk_32k_enable_internal
                0x40080b50       0x14 C:/msys32/home/jasonma/esp/ESP32-MAX11210/build/soc\libsoc.a(rtc_clk.o)
 .literal.rtc_clk_32k_enable
                0x40080b64        0x4 C:/msys32/home/jasonma/esp/ESP32-MAX11210/build/soc\libsoc.a(rtc_clk.o)
                                  0xc (size before relaxing)
 .literal.rtc_clk_32k_bootstrap
                0x40080b68        0xc C:/msys32/home/jasonma/esp/ESP32-MAX11210/build/soc\libsoc.a(rtc_clk.o)
                                 0x34 (size before relaxing)
 .literal.rtc_clk_slow_freq_set
                0x40080b74        0x4 C:/msys32/home/jasonma/esp/ESP32-MAX11210/build/soc\libsoc.a(rtc_clk.o)
                                  0xc (size before relaxing)
 .literal.rtc_clk_slow_freq_get
                0x40080b78        0x0 C:/msys32/home/jasonma/esp/ESP32-MAX11210/build/soc\libsoc.a(rtc_clk.o)
                                  0x4 (size before relaxing)
 .literal.rtc_clk_slow_freq_get_hz
                0x40080b78        0xc C:/msys32/home/jasonma/esp/ESP32-MAX11210/build/soc\libsoc.a(rtc_clk.o)
                                 0x10 (size before relaxing)
 .literal.rtc_clk_fast_freq_set
                0x40080b84        0x4 C:/msys32/home/jasonma/esp/ESP32-MAX11210/build/soc\libsoc.a(rtc_clk.o)
                                  0xc (size before relaxing)
 .literal.rtc_clk_bbpll_set
                0x40080b88        0xc C:/msys32/home/jasonma/esp/ESP32-MAX11210/build/soc\libsoc.a(rtc_clk.o)
                                 0x38 (size before relaxing)
 .literal.rtc_clk_xtal_freq_get
                0x40080b94        0xc C:/msys32/home/jasonma/esp/ESP32-MAX11210/build/soc\libsoc.a(rtc_clk.o)
                                 0x1c (size before relaxing)
 .literal.rtc_clk_cpu_freq_get
                0x40080ba0       0x14 C:/msys32/home/jasonma/esp/ESP32-MAX11210/build/soc\libsoc.a(rtc_clk.o)
                                 0x2c (size before relaxing)
 .literal.rtc_clk_cpu_freq_value
                0x40080bb4       0x1c C:/msys32/home/jasonma/esp/ESP32-MAX11210/build/soc\libsoc.a(rtc_clk.o)
                                 0x2c (size before relaxing)
 .literal.rtc_clk_apb_freq_update
                0x40080bd0        0x4 C:/msys32/home/jasonma/esp/ESP32-MAX11210/build/soc\libsoc.a(rtc_clk.o)
                                  0x8 (size before relaxing)
 .literal.rtc_clk_cpu_freq_set
                0x40080bd4       0x1c C:/msys32/home/jasonma/esp/ESP32-MAX11210/build/soc\libsoc.a(rtc_clk.o)
                                 0x88 (size before relaxing)
 .literal.rtc_clk_apb_freq_get
                0x40080bf0        0x8 C:/msys32/home/jasonma/esp/ESP32-MAX11210/build/soc\libsoc.a(rtc_clk.o)
                                 0x14 (size before relaxing)
 .literal.rtc_clk_cal_internal
                0x40080bf8       0x14 C:/msys32/home/jasonma/esp/ESP32-MAX11210/build/soc\libsoc.a(rtc_time.o)
                                 0x3c (size before relaxing)
 .literal.rtc_clk_cal
                0x40080c0c        0x0 C:/msys32/home/jasonma/esp/ESP32-MAX11210/build/soc\libsoc.a(rtc_time.o)
                                  0xc (size before relaxing)
 .literal.rtc_time_get
                0x40080c0c       0x10 C:/msys32/home/jasonma/esp/ESP32-MAX11210/build/soc\libsoc.a(rtc_time.o)
                                 0x18 (size before relaxing)
 .literal.rtc_clk_wait_for_slow_cycle
                0x40080c1c        0x8 C:/msys32/home/jasonma/esp/ESP32-MAX11210/build/soc\libsoc.a(rtc_time.o)
                                 0x20 (size before relaxing)
 .literal.rtc_init
                0x40080c24       0x7c C:/msys32/home/jasonma/esp/ESP32-MAX11210/build/soc\libsoc.a(rtc_init.o)
                                 0xdc (size before relaxing)
 .literal       0x40080ca0        0x0 C:/msys32/home/jasonma/esp/esp-idf/components/esp32/libhal.a(windowspill_asm.o)
                                  0x4 (size before relaxing)
 .literal.esp_rom_spiflash_read_status
                0x40080ca0       0x10 C:/msys32/home/jasonma/esp/ESP32-MAX11210/build/spi_flash\libspi_flash.a(spi_flash_rom_patch.o)
                                 0x14 (size before relaxing)
 .literal.esp_rom_spiflash_wait_idle
                0x40080cb0        0x8 C:/msys32/home/jasonma/esp/ESP32-MAX11210/build/spi_flash\libspi_flash.a(spi_flash_rom_patch.o)
                                  0xc (size before relaxing)
 .literal.esp_rom_spiflash_erase_block_internal
                0x40080cb8        0x4 C:/msys32/home/jasonma/esp/ESP32-MAX11210/build/spi_flash\libspi_flash.a(spi_flash_rom_patch.o)
                                 0x18 (size before relaxing)
 .literal.esp_rom_spiflash_erase_sector_internal
                0x40080cbc        0x0 C:/msys32/home/jasonma/esp/ESP32-MAX11210/build/spi_flash\libspi_flash.a(spi_flash_rom_patch.o)
                                 0x18 (size before relaxing)
 .literal.esp_rom_spiflash_read_data
                0x40080cbc       0x18 C:/msys32/home/jasonma/esp/ESP32-MAX11210/build/spi_flash\libspi_flash.a(spi_flash_rom_patch.o)
                                 0x34 (size before relaxing)
 .literal.esp_rom_spiflash_enable_write
                0x40080cd4        0x0 C:/msys32/home/jasonma/esp/ESP32-MAX11210/build/spi_flash\libspi_flash.a(spi_flash_rom_patch.o)
                                 0x10 (size before relaxing)
 .literal.esp_rom_spiflash_program_page_internal
                0x40080cd4       0x10 C:/msys32/home/jasonma/esp/ESP32-MAX11210/build/spi_flash\libspi_flash.a(spi_flash_rom_patch.o)
                                 0x40 (size before relaxing)
 .literal.esp_rom_spiflash_read_statushigh
                0x40080ce4        0x4 C:/msys32/home/jasonma/esp/ESP32-MAX11210/build/spi_flash\libspi_flash.a(spi_flash_rom_patch.o)
                                  0xc (size before relaxing)
 .literal.esp_rom_spiflash_write_status
                0x40080ce8        0x4 C:/msys32/home/jasonma/esp/ESP32-MAX11210/build/spi_flash\libspi_flash.a(spi_flash_rom_patch.o)
                                 0x14 (size before relaxing)
 .literal.esp_rom_spiflash_unlock
                0x40080cec        0x8 C:/msys32/home/jasonma/esp/ESP32-MAX11210/build/spi_flash\libspi_flash.a(spi_flash_rom_patch.o)
                                 0x28 (size before relaxing)
 .literal.esp_rom_spiflash_erase_block
                0x40080cf4        0xc C:/msys32/home/jasonma/esp/ESP32-MAX11210/build/spi_flash\libspi_flash.a(spi_flash_rom_patch.o)
                                 0x20 (size before relaxing)
 .literal.esp_rom_spiflash_erase_sector
                0x40080d00        0x0 C:/msys32/home/jasonma/esp/ESP32-MAX11210/build/spi_flash\libspi_flash.a(spi_flash_rom_patch.o)
                                 0x20 (size before relaxing)
 .literal.esp_rom_spiflash_write
                0x40080d00        0x0 C:/msys32/home/jasonma/esp/ESP32-MAX11210/build/spi_flash\libspi_flash.a(spi_flash_rom_patch.o)
                                 0x28 (size before relaxing)
 .literal.esp_rom_spiflash_write_encrypted
                0x40080d00        0xc C:/msys32/home/jasonma/esp/ESP32-MAX11210/build/spi_flash\libspi_flash.a(spi_flash_rom_patch.o)
                                 0x10 (size before relaxing)
 .literal.esp_rom_spiflash_read
                0x40080d0c       0x30 C:/msys32/home/jasonma/esp/ESP32-MAX11210/build/spi_flash\libspi_flash.a(spi_flash_rom_patch.o)
                                 0x5c (size before relaxing)
 .literal       0x40080d3c       0x10 C:/msys32/home/jasonma/esp/esp-idf/components/newlib/lib/libm.a(lib_a-s_fpclassify.o)
                                 0x18 (size before relaxing)
 .iram1         0x40080d4c      0x27e C:/msys32/home/jasonma/esp/ESP32-MAX11210/build/esp32\libesp32.a(cpu_start.o)
                                0x336 (size before relaxing)
                0x40080d4c                start_cpu0_default
                0x40080d4c                start_cpu0
                0x40080e1c                start_cpu1
                0x40080e1c                start_cpu1_default
                0x40080e98                call_start_cpu0
 *fill*         0x40080fca        0x2 
 .iram1         0x40080fcc       0xda C:/msys32/home/jasonma/esp/ESP32-MAX11210/build/esp32\libesp32.a(dport_panic_highint_hdl.o)
                0x40080fcc                xt_highint4
                0x400810a6                ld_include_panic_highint_hdl
 *fill*         0x400810a6        0x2 
 .iram1         0x400810a8       0x53 C:/msys32/home/jasonma/esp/ESP32-MAX11210/build/esp32\libesp32.a(int_wdt.o)
 *fill*         0x400810fb        0x1 
 .iram1         0x400810fc      0x1e1 C:/msys32/home/jasonma/esp/ESP32-MAX11210/build/esp32\libesp32.a(system_api.o)
                                0x21c (size before relaxing)
                0x40081174                esp_restart_noos
                0x400812bc                system_restart
                0x400812bc                esp_restart
 *fill*         0x400812dd        0x3 
 .iram1         0x400812e0      0x1e3 C:/msys32/home/jasonma/esp/ESP32-MAX11210/build/esp32\libesp32.a(dport_access.o)
                                0x1ef (size before relaxing)
                0x400812e0                esp_dport_access_stall_other_cpu_start
                0x40081390                esp_dport_access_stall_other_cpu_end
                0x4008140c                esp_dport_access_stall_other_cpu_start_wrap
                0x40081414                esp_dport_access_stall_other_cpu_end_wrap
                0x4008141c                esp_dport_access_int_pause
                0x40081440                esp_dport_access_int_abort
                0x40081454                esp_dport_access_int_resume
                0x40081478                esp_dport_access_reg_read
                0x40081490                esp_dport_access_sequence_reg_read
                0x4008149c                esp_dport_access_read_buffer
 *fill*         0x400814c3        0x1 
 .iram1         0x400814c4      0x219 C:/msys32/home/jasonma/esp/ESP32-MAX11210/build/esp32\libesp32.a(esp_timer.o)
                                0x235 (size before relaxing)
                0x400815f4                esp_timer_stop
                0x40081618                esp_timer_get_next_alarm
                0x40081638                esp_timer_get_time
                0x40081648                esp_timer_start_once
                0x4008168c                esp_timer_start_periodic
 *fill*         0x400816dd        0x3 
 .iram1         0x400816e0      0x2b6 C:/msys32/home/jasonma/esp/ESP32-MAX11210/build/esp32\libesp32.a(intr_alloc.o)
                                0x2ce (size before relaxing)
                0x4008171c                esp_intr_set_in_iram
                0x400817a4                esp_intr_enable
                0x4008182c                esp_intr_disable
                0x400818f4                esp_intr_noniram_disable
                0x40081940                esp_intr_noniram_enable
                0x40081980                ets_isr_unmask
                0x4008198c                ets_isr_mask
 *fill*         0x40081996        0x2 
 .iram1         0x40081998       0x7f C:/msys32/home/jasonma/esp/ESP32-MAX11210/build/esp32\libesp32.a(ipc.o)
                                 0x8b (size before relaxing)
 *fill*         0x40081a17        0x1 
 .iram1         0x40081a18       0x2c C:/msys32/home/jasonma/esp/ESP32-MAX11210/build/esp32\libesp32.a(cache_err_int.o)
                                 0x34 (size before relaxing)
                0x40081a18                esp_cache_err_get_cpuid
 .iram1         0x40081a44       0x27 C:/msys32/home/jasonma/esp/ESP32-MAX11210/build/esp32\libesp32.a(freertos_hooks.o)
                0x40081a44                esp_vApplicationTickHook
 *fill*         0x40081a6b        0x1 
 .iram1         0x40081a6c       0x37 C:/msys32/home/jasonma/esp/ESP32-MAX11210/build/esp32\libesp32.a(clk.o)
                0x40081a6c                esp_clk_cpu_freq
                0x40081a7c                esp_clk_apb_freq
                0x40081a94                ets_update_cpu_frequency
 *fill*         0x40081aa3        0x1 
 .iram1         0x40081aa4      0x56b C:/msys32/home/jasonma/esp/ESP32-MAX11210/build/esp32\libesp32.a(esp_timer_esp32.o)
                                0x57b (size before relaxing)
                0x40081bc8                esp_timer_impl_get_time
                0x40081d38                esp_timer_impl_set_alarm
                0x40081f40                esp_timer_impl_update_apb_freq
                0x40082004                esp_timer_impl_get_min_period_us
 *fill*         0x4008200f        0x1 
 .iram1         0x40082010       0xb0 C:/msys32/home/jasonma/esp/ESP32-MAX11210/build/esp32\libesp32.a(crosscore_int.o)
                                 0xc0 (size before relaxing)
                0x400820a8                esp_crosscore_int_send_yield
                0x400820b4                esp_crosscore_int_send_freq_switch
 .iram1         0x400820c0       0x1a C:/msys32/home/jasonma/esp/ESP32-MAX11210/build/freertos\libfreertos.a(port.o)
                0x400820c0                xPortInterruptedFromISRContext
 *fill*         0x400820da        0x2 
 .iram1         0x400820dc      0x4b4 C:/msys32/home/jasonma/esp/ESP32-MAX11210/build/freertos\libfreertos.a(xtensa_vectors.o)
                0x400820dc                _xt_panic
                0x400821f4                _xt_user_exit
                0x400824e0                _xt_medint2_exit
                0x4008257c                _xt_medint3_exit
 .iram1         0x40082590      0x3dd C:/msys32/home/jasonma/esp/ESP32-MAX11210/build/heap\libheap.a(heap_caps.o)
                                0x3f5 (size before relaxing)
                0x40082620                heap_caps_malloc
                0x400826bc                heap_caps_malloc_default
                0x40082700                heap_caps_malloc_prefer
                0x40082758                heap_caps_free
                0x40082790                heap_caps_realloc
                0x4008283c                heap_caps_realloc_default
                0x40082894                heap_caps_realloc_prefer
                0x400828f8                heap_caps_calloc
                0x40082918                heap_caps_calloc_prefer
 *fill*         0x4008296d        0x3 
 .iram1         0x40082970      0x18a C:/msys32/home/jasonma/esp/ESP32-MAX11210/build/log\liblog.a(log.o)
                                0x19a (size before relaxing)
                0x40082970                esp_log_write
                0x40082aa0                esp_log_early_timestamp
                0x40082abc                esp_log_timestamp
 *fill*         0x40082afa        0x2 
 .iram1         0x40082afc      0x1cc C:/msys32/home/jasonma/esp/ESP32-MAX11210/build/newlib\libnewlib.a(locks.o)
                                0x210 (size before relaxing)
                0x40082c14                _lock_init
                0x40082c24                _lock_init_recursive
                0x40082c34                _lock_close
                0x40082c70                _lock_acquire
                0x40082c80                _lock_acquire_recursive
                0x40082c90                _lock_try_acquire
                0x40082ca0                _lock_try_acquire_recursive
                0x40082cb0                _lock_release
                0x40082cbc                _lock_release_recursive
 .iram1         0x40082cc8       0x4a C:/msys32/home/jasonma/esp/ESP32-MAX11210/build/newlib\libnewlib.a(syscalls.o)
                                 0x52 (size before relaxing)
                0x40082cc8                _malloc_r
                0x40082cd4                _free_r
                0x40082ce0                _realloc_r
                0x40082cf4                _calloc_r
 *fill*         0x40082d12        0x2 
 .iram1         0x40082d14       0x3c C:/msys32/home/jasonma/esp/ESP32-MAX11210/build/newlib\libnewlib.a(reent_init.o)
                0x40082d14                esp_reent_init
 .iram1         0x40082d50       0x6c C:/msys32/home/jasonma/esp/ESP32-MAX11210/build/newlib\libnewlib.a(time.o)
                                 0x74 (size before relaxing)
                0x40082d50                _gettimeofday_r
                0x40082d94                _times_r
 .iram1         0x40082dbc      0x11a C:/msys32/home/jasonma/esp/ESP32-MAX11210/build/soc\libsoc.a(cpu_util.o)
                0x40082dbc                esp_cpu_stall
                0x40082e50                esp_cpu_unstall
                0x40082ea4                esp_cpu_reset
                0x40082ec8                esp_cpu_in_ocd_debug_mode
 *fill*         0x40082ed6        0x2 
 .iram1         0x40082ed8      0x722 C:/msys32/home/jasonma/esp/ESP32-MAX11210/build/spi_flash\libspi_flash.a(flash_ops.o)
                                0x74a (size before relaxing)
                0x40082f48                spi_flash_guard_set
                0x40082f54                spi_flash_guard_get
                0x40082f60                spi_flash_get_chip_size
                0x40082f6c                spi_flash_erase_range
                0x40083024                spi_flash_erase_sector
                0x40083048                spi_flash_write
                0x40083210                spi_flash_read
                0x400834a8                spi_flash_read_encrypted
                0x400834f0                spi_flash_write_encrypted
 *fill*         0x400835fa        0x2 
 .iram1         0x400835fc      0x2e0 C:/msys32/home/jasonma/esp/ESP32-MAX11210/build/spi_flash\libspi_flash.a(cache_utils.o)
                                0x320 (size before relaxing)
                0x40083660                spi_flash_op_block_func
                0x4008370c                spi_flash_disable_interrupts_caches_and_other_cpu
                0x400837d8                spi_flash_enable_interrupts_caches_and_other_cpu
                0x40083870                spi_flash_disable_interrupts_caches_and_other_cpu_no_os
                0x4008389c                spi_flash_enable_interrupts_caches_no_os
                0x400838b8                spi_flash_cache_enabled
 .iram1         0x400838dc      0x49e C:/msys32/home/jasonma/esp/ESP32-MAX11210/build/spi_flash\libspi_flash.a(flash_mmap.o)
                                0x4ce (size before relaxing)
                0x40083a08                spi_flash_mmap_pages
                0x40083c1c                spi_flash_mmap
                0x40083c8c                spi_flash_munmap
                0x40083d30                spi_flash_mark_modified_region
 *fill*         0x40083d7a        0x2 
 .iram1         0x40083d7c       0x20 C:/msys32/home/jasonma/esp/ESP32-MAX11210/build/esp32\libesp32.a(dbg_stubs.o)
 *fill*         0x40083d9c        0x0 
 *fill*         0x40083d9c        0x0 
 *fill*         0x40083d9c        0x0 
 *fill*         0x40083d9c        0x0 
 *fill*         0x40083d9c        0x0 
 *fill*         0x40083d9c        0x0 
 *fill*         0x40083d9c        0x0 
 *fill*         0x40083d9c        0x0 
 *fill*         0x40083d9c        0x0 
 *fill*         0x40083d9c        0x0 
 .iram1         0x40083d9c       0x2e C:/msys32/home/jasonma/esp/ESP32-MAX11210/build/freertos\libfreertos.a(xtensa_vector_defaults.o)
                0x40083d9c                xt_debugexception
                0x40083dbc                xt_highint5
                0x40083dc4                xt_nmi
                0x40083dc4                _xt_nmi
 *fill*         0x40083dca        0x0 
 *fill*         0x40083dca        0x0 
 *fill*         0x40083dca        0x0 
 *fill*         0x40083dca        0x0 
 *fill*         0x40083dca        0x0 
 *fill*         0x40083dca        0x0 
 *libfreertos.a:(.literal .text .literal.* .text.*)
 *fill*         0x40083dca        0x2 
 .text.prvResetNextTaskUnblockTime
                0x40083dcc       0x34 C:/msys32/home/jasonma/esp/ESP32-MAX11210/build/freertos\libfreertos.a(tasks.o)
 .text.prvDeleteTLS
                0x40083e00       0x40 C:/msys32/home/jasonma/esp/ESP32-MAX11210/build/freertos\libfreertos.a(tasks.o)
 .text.prvInitialiseNewTask
                0x40083e40       0xc4 C:/msys32/home/jasonma/esp/ESP32-MAX11210/build/freertos\libfreertos.a(tasks.o)
                                 0xd0 (size before relaxing)
 .text.prvInitialiseTaskLists
                0x40083f04       0x5a C:/msys32/home/jasonma/esp/ESP32-MAX11210/build/freertos\libfreertos.a(tasks.o)
                                 0x6e (size before relaxing)
 *fill*         0x40083f5e        0x2 
 .text.prvDeleteTCB
                0x40083f60       0x56 C:/msys32/home/jasonma/esp/ESP32-MAX11210/build/freertos\libfreertos.a(tasks.o)
                                 0x5d (size before relaxing)
 *fill*         0x40083fb6        0x2 
 .text.prvAddCurrentTaskToDelayedList
                0x40083fb8       0x66 C:/msys32/home/jasonma/esp/ESP32-MAX11210/build/freertos\libfreertos.a(tasks.o)
                                 0x6a (size before relaxing)
 *fill*         0x4008401e        0x2 
 .text.taskYIELD_OTHER_CORE
                0x40084020       0x53 C:/msys32/home/jasonma/esp/ESP32-MAX11210/build/freertos\libfreertos.a(tasks.o)
                0x40084020                taskYIELD_OTHER_CORE
 *fill*         0x40084073        0x1 
 .text.vTaskSuspendAll
                0x40084074       0x26 C:/msys32/home/jasonma/esp/ESP32-MAX11210/build/freertos\libfreertos.a(tasks.o)
                0x40084074                vTaskSuspendAll
 *fill*         0x4008409a        0x2 
 .text.xTaskGetIdleTaskHandleForCPU
                0x4008409c       0x2a C:/msys32/home/jasonma/esp/ESP32-MAX11210/build/freertos\libfreertos.a(tasks.o)
                                 0x2e (size before relaxing)
                0x4008409c                xTaskGetIdleTaskHandleForCPU
 *fill*         0x400840c6        0x2 
 .text.vTaskSwitchContext
                0x400840c8      0x27e C:/msys32/home/jasonma/esp/ESP32-MAX11210/build/freertos\libfreertos.a(tasks.o)
                                0x28a (size before relaxing)
                0x400840c8                vTaskSwitchContext
 *fill*         0x40084346        0x2 
 .text.vTaskSetTimeOutState
                0x40084348       0x34 C:/msys32/home/jasonma/esp/ESP32-MAX11210/build/freertos\libfreertos.a(tasks.o)
                0x40084348                vTaskSetTimeOutState
 .text.xTaskGetCurrentTaskHandle
                0x4008437c       0x1f C:/msys32/home/jasonma/esp/ESP32-MAX11210/build/freertos\libfreertos.a(tasks.o)
                0x4008437c                xTaskGetCurrentTaskHandle
 *fill*         0x4008439b        0x1 
 .text.__getreent
                0x4008439c       0x19 C:/msys32/home/jasonma/esp/ESP32-MAX11210/build/freertos\libfreertos.a(tasks.o)
                0x4008439c                __getreent
 *fill*         0x400843b5        0x3 
 .text.pcTaskGetTaskName
                0x400843b8       0x2a C:/msys32/home/jasonma/esp/ESP32-MAX11210/build/freertos\libfreertos.a(tasks.o)
                                 0x2d (size before relaxing)
                0x400843b8                pcTaskGetTaskName
 *fill*         0x400843e2        0x2 
 .text.xTaskGetAffinity
                0x400843e4       0x10 C:/msys32/home/jasonma/esp/ESP32-MAX11210/build/freertos\libfreertos.a(tasks.o)
                                 0x13 (size before relaxing)
                0x400843e4                xTaskGetAffinity
 *fill*         0x400843f4        0x0 
 .text.xTaskGetCurrentTaskHandleForCPU
                0x400843f4       0x18 C:/msys32/home/jasonma/esp/ESP32-MAX11210/build/freertos\libfreertos.a(tasks.o)
                0x400843f4                xTaskGetCurrentTaskHandleForCPU
 .text.xTaskGetSchedulerState
                0x4008440c       0x37 C:/msys32/home/jasonma/esp/ESP32-MAX11210/build/freertos\libfreertos.a(tasks.o)
                0x4008440c                xTaskGetSchedulerState
 *fill*         0x40084443        0x1 
 .text.vTaskEnterCritical
                0x40084444       0xac C:/msys32/home/jasonma/esp/ESP32-MAX11210/build/freertos\libfreertos.a(tasks.o)
                                 0xb3 (size before relaxing)
                0x40084444                vTaskEnterCritical
 *fill*         0x400844f0        0x0 
 .text.vTaskExitCritical
                0x400844f0       0x83 C:/msys32/home/jasonma/esp/ESP32-MAX11210/build/freertos\libfreertos.a(tasks.o)
                                 0x8a (size before relaxing)
                0x400844f0                vTaskExitCritical
 *fill*         0x40084573        0x1 
 .text.prvAddNewTaskToReadyList
                0x40084574      0x15c C:/msys32/home/jasonma/esp/ESP32-MAX11210/build/freertos\libfreertos.a(tasks.o)
                                0x173 (size before relaxing)
 *fill*         0x400846d0        0x0 
 .text.xTaskCreatePinnedToCore
                0x400846d0       0x6e C:/msys32/home/jasonma/esp/ESP32-MAX11210/build/freertos\libfreertos.a(tasks.o)
                                 0x76 (size before relaxing)
                0x400846d0                xTaskCreatePinnedToCore
 *fill*         0x4008473e        0x2 
 .text.vTaskStartScheduler
                0x40084740       0x67 C:/msys32/home/jasonma/esp/ESP32-MAX11210/build/freertos\libfreertos.a(tasks.o)
                                 0x72 (size before relaxing)
                0x40084740                vTaskStartScheduler
 *fill*         0x400847a7        0x1 
 .text.vTaskDelete
                0x400847a8      0x10a C:/msys32/home/jasonma/esp/ESP32-MAX11210/build/freertos\libfreertos.a(tasks.o)
                                0x122 (size before relaxing)
                0x400847a8                vTaskDelete
 *fill*         0x400848b2        0x2 
 .text.vTaskDelay
                0x400848b4       0x70 C:/msys32/home/jasonma/esp/ESP32-MAX11210/build/freertos\libfreertos.a(tasks.o)
                                 0x80 (size before relaxing)
                0x400848b4                vTaskDelay
 .text.prvCheckTasksWaitingTermination
                0x40084924       0xbe C:/msys32/home/jasonma/esp/ESP32-MAX11210/build/freertos\libfreertos.a(tasks.o)
                                 0xc6 (size before relaxing)
 *fill*         0x400849e2        0x2 
 .text.prvIdleTask
                0x400849e4        0xf C:/msys32/home/jasonma/esp/ESP32-MAX11210/build/freertos\libfreertos.a(tasks.o)
                                 0x18 (size before relaxing)
 *fill*         0x400849f3        0x1 
 .text.xTaskGetTickCount
                0x400849f4       0x1c C:/msys32/home/jasonma/esp/ESP32-MAX11210/build/freertos\libfreertos.a(tasks.o)
                                 0x20 (size before relaxing)
                0x400849f4                xTaskGetTickCount
 .text.xTaskIncrementTick
                0x40084a10      0x1b2 C:/msys32/home/jasonma/esp/ESP32-MAX11210/build/freertos\libfreertos.a(tasks.o)
                                0x1ce (size before relaxing)
                0x40084a10                xTaskIncrementTick
 *fill*         0x40084bc2        0x2 
 .text.xTaskResumeAll
                0x40084bc4      0x173 C:/msys32/home/jasonma/esp/ESP32-MAX11210/build/freertos\libfreertos.a(tasks.o)
                                0x186 (size before relaxing)
                0x40084bc4                xTaskResumeAll
 *fill*         0x40084d37        0x1 
 .text.vTaskPlaceOnEventList
                0x40084d38       0x83 C:/msys32/home/jasonma/esp/ESP32-MAX11210/build/freertos\libfreertos.a(tasks.o)
                                 0x97 (size before relaxing)
                0x40084d38                vTaskPlaceOnEventList
 *fill*         0x40084dbb        0x1 
 .text.vTaskPlaceOnEventListRestricted
                0x40084dbc       0x5b C:/msys32/home/jasonma/esp/ESP32-MAX11210/build/freertos\libfreertos.a(tasks.o)
                                 0x6f (size before relaxing)
                0x40084dbc                vTaskPlaceOnEventListRestricted
 *fill*         0x40084e17        0x1 
 .text.xTaskRemoveFromEventList
                0x40084e18      0x134 C:/msys32/home/jasonma/esp/ESP32-MAX11210/build/freertos\libfreertos.a(tasks.o)
                                0x143 (size before relaxing)
                0x40084e18                xTaskRemoveFromEventList
 *fill*         0x40084f4c        0x0 
 .text.xTaskCheckForTimeOut
                0x40084f4c       0x8b C:/msys32/home/jasonma/esp/ESP32-MAX11210/build/freertos\libfreertos.a(tasks.o)
                                 0x96 (size before relaxing)
                0x40084f4c                xTaskCheckForTimeOut
 *fill*         0x40084fd7        0x1 
 .text.vTaskPriorityInherit
                0x40084fd8       0xc4 C:/msys32/home/jasonma/esp/ESP32-MAX11210/build/freertos\libfreertos.a(tasks.o)
                                 0xdb (size before relaxing)
                0x40084fd8                vTaskPriorityInherit
 *fill*         0x4008509c        0x0 
 .text.xTaskPriorityDisinherit
                0x4008509c       0x97 C:/msys32/home/jasonma/esp/ESP32-MAX11210/build/freertos\libfreertos.a(tasks.o)
                                 0xaa (size before relaxing)
                0x4008509c                xTaskPriorityDisinherit
 *fill*         0x40085133        0x1 
 .text.pvTaskIncrementMutexHeldCount
                0x40085134       0x50 C:/msys32/home/jasonma/esp/ESP32-MAX11210/build/freertos\libfreertos.a(tasks.o)
                                 0x54 (size before relaxing)
                0x40085134                pvTaskIncrementMutexHeldCount
 .text.pxPortInitialiseStack
                0x40085184       0x86 C:/msys32/home/jasonma/esp/ESP32-MAX11210/build/freertos\libfreertos.a(port.o)
                0x40085184                pxPortInitialiseStack
 *fill*         0x4008520a        0x2 
 .text.xPortStartScheduler
                0x4008520c       0x22 C:/msys32/home/jasonma/esp/ESP32-MAX11210/build/freertos\libfreertos.a(port.o)
                                 0x2e (size before relaxing)
                0x4008520c                xPortStartScheduler
 *fill*         0x4008522e        0x2 
 .text.xPortSysTickHandler
                0x40085230       0x10 C:/msys32/home/jasonma/esp/ESP32-MAX11210/build/freertos\libfreertos.a(port.o)
                                 0x16 (size before relaxing)
                0x40085230                xPortSysTickHandler
 *fill*         0x40085240        0x0 
 .text.vPortYieldOtherCore
                0x40085240        0xa C:/msys32/home/jasonma/esp/ESP32-MAX11210/build/freertos\libfreertos.a(port.o)
                                  0xe (size before relaxing)
                0x40085240                vPortYieldOtherCore
 *fill*         0x4008524a        0x2 
 .text.vPortReleaseTaskMPUSettings
                0x4008524c        0xa C:/msys32/home/jasonma/esp/ESP32-MAX11210/build/freertos\libfreertos.a(port.o)
                                  0xe (size before relaxing)
                0x4008524c                vPortReleaseTaskMPUSettings
 *fill*         0x40085256        0x2 
 .text.xPortInIsrContext
                0x40085258       0x26 C:/msys32/home/jasonma/esp/ESP32-MAX11210/build/freertos\libfreertos.a(port.o)
                0x40085258                xPortInIsrContext
 *fill*         0x4008527e        0x2 
 .text.vPortCPUInitializeMutex
                0x40085280        0xe C:/msys32/home/jasonma/esp/ESP32-MAX11210/build/freertos\libfreertos.a(port.o)
                0x40085280                vPortCPUInitializeMutex
 *fill*         0x4008528e        0x2 
 .text.vPortCPUAcquireMutex
                0x40085290       0x81 C:/msys32/home/jasonma/esp/ESP32-MAX11210/build/freertos\libfreertos.a(port.o)
                                 0x88 (size before relaxing)
                0x40085290                vPortCPUAcquireMutex
 *fill*         0x40085311        0x3 
 .text.vPortCPUReleaseMutex
                0x40085314       0x59 C:/msys32/home/jasonma/esp/ESP32-MAX11210/build/freertos\libfreertos.a(port.o)
                                 0x61 (size before relaxing)
                0x40085314                vPortCPUReleaseMutex
 *fill*         0x4008536d        0x3 
 .text._xt_tick_divisor_init
                0x40085370       0x1c C:/msys32/home/jasonma/esp/ESP32-MAX11210/build/freertos\libfreertos.a(xtensa_init.o)
                                 0x1f (size before relaxing)
                0x40085370                _xt_tick_divisor_init
 *fill*         0x4008538c        0x0 
 .text.prvIsQueueFull
                0x4008538c       0x2a C:/msys32/home/jasonma/esp/ESP32-MAX11210/build/freertos\libfreertos.a(queue.o)
 *fill*         0x400853b6        0x2 
 .text.prvCopyDataToQueue
                0x400853b8       0x9e C:/msys32/home/jasonma/esp/ESP32-MAX11210/build/freertos\libfreertos.a(queue.o)
 *fill*         0x40085456        0x2 
 .text.prvNotifyQueueSetContainer
                0x40085458       0x6a C:/msys32/home/jasonma/esp/ESP32-MAX11210/build/freertos\libfreertos.a(queue.o)
                                 0x76 (size before relaxing)
 *fill*         0x400854c2        0x2 
 .text.prvCopyDataFromQueue
                0x400854c4       0x24 C:/msys32/home/jasonma/esp/ESP32-MAX11210/build/freertos\libfreertos.a(queue.o)
 .text.xQueueGenericReset
                0x400854e8       0x86 C:/msys32/home/jasonma/esp/ESP32-MAX11210/build/freertos\libfreertos.a(queue.o)
                                 0x96 (size before relaxing)
                0x400854e8                xQueueGenericReset
 *fill*         0x4008556e        0x2 
 .text.prvInitialiseNewQueue
                0x40085570       0x1f C:/msys32/home/jasonma/esp/ESP32-MAX11210/build/freertos\libfreertos.a(queue.o)
                                 0x23 (size before relaxing)
 *fill*         0x4008558f        0x1 
 .text.xQueueGenericCreate
                0x40085590       0x49 C:/msys32/home/jasonma/esp/ESP32-MAX11210/build/freertos\libfreertos.a(queue.o)
                                 0x4d (size before relaxing)
                0x40085590                xQueueGenericCreate
 *fill*         0x400855d9        0x3 
 .text.xQueueGetMutexHolder
                0x400855dc       0x23 C:/msys32/home/jasonma/esp/ESP32-MAX11210/build/freertos\libfreertos.a(queue.o)
                0x400855dc                xQueueGetMutexHolder
 *fill*         0x400855ff        0x1 
 .text.xQueueCreateCountingSemaphore
                0x40085600       0x66 C:/msys32/home/jasonma/esp/ESP32-MAX11210/build/freertos\libfreertos.a(queue.o)
                                 0x6a (size before relaxing)
                0x40085600                xQueueCreateCountingSemaphore
 *fill*         0x40085666        0x2 
 .text.xQueueGenericSend
                0x40085668      0x158 C:/msys32/home/jasonma/esp/ESP32-MAX11210/build/freertos\libfreertos.a(queue.o)
                                0x18c (size before relaxing)
                0x40085668                xQueueGenericSend
 .text.prvInitialiseMutex
                0x400857c0       0x22 C:/msys32/home/jasonma/esp/ESP32-MAX11210/build/freertos\libfreertos.a(queue.o)
                                 0x26 (size before relaxing)
 *fill*         0x400857e2        0x2 
 .text.xQueueCreateMutex
                0x400857e4       0x16 C:/msys32/home/jasonma/esp/ESP32-MAX11210/build/freertos\libfreertos.a(queue.o)
                                 0x1a (size before relaxing)
                0x400857e4                xQueueCreateMutex
 *fill*         0x400857fa        0x2 
 .text.xQueueGiveMutexRecursive
                0x400857fc       0x48 C:/msys32/home/jasonma/esp/ESP32-MAX11210/build/freertos\libfreertos.a(queue.o)
                                 0x4c (size before relaxing)
                0x400857fc                xQueueGiveMutexRecursive
 .text.xQueueGenericSendFromISR
                0x40085844       0xd6 C:/msys32/home/jasonma/esp/ESP32-MAX11210/build/freertos\libfreertos.a(queue.o)
                                 0xe6 (size before relaxing)
                0x40085844                xQueueGenericSendFromISR
 *fill*         0x4008591a        0x2 
 .text.xQueueGiveFromISR
                0x4008591c       0xb6 C:/msys32/home/jasonma/esp/ESP32-MAX11210/build/freertos\libfreertos.a(queue.o)
                                 0xc2 (size before relaxing)
                0x4008591c                xQueueGiveFromISR
 *fill*         0x400859d2        0x2 
 .text.xQueueGenericReceive
                0x400859d4      0x144 C:/msys32/home/jasonma/esp/ESP32-MAX11210/build/freertos\libfreertos.a(queue.o)
                                0x178 (size before relaxing)
                0x400859d4                xQueueGenericReceive
 .text.xQueueTakeMutexRecursive
                0x40085b18       0x51 C:/msys32/home/jasonma/esp/ESP32-MAX11210/build/freertos\libfreertos.a(queue.o)
                0x40085b18                xQueueTakeMutexRecursive
 *fill*         0x40085b69        0x3 
 .text.xQueueReceiveFromISR
                0x40085b6c       0x96 C:/msys32/home/jasonma/esp/ESP32-MAX11210/build/freertos\libfreertos.a(queue.o)
                                 0xa6 (size before relaxing)
                0x40085b6c                xQueueReceiveFromISR
 *fill*         0x40085c02        0x2 
 .text.vQueueDelete
                0x40085c04       0x28 C:/msys32/home/jasonma/esp/ESP32-MAX11210/build/freertos\libfreertos.a(queue.o)
                0x40085c04                vQueueDelete
 .text.vQueueWaitForMessageRestricted
                0x40085c2c       0x23 C:/msys32/home/jasonma/esp/ESP32-MAX11210/build/freertos\libfreertos.a(queue.o)
                                 0x2a (size before relaxing)
                0x40085c2c                vQueueWaitForMessageRestricted
 *fill*         0x40085c4f        0x1 
 .text.xt_unhandled_interrupt
                0x40085c50       0x16 C:/msys32/home/jasonma/esp/ESP32-MAX11210/build/freertos\libfreertos.a(xtensa_intr.o)
                0x40085c50                xt_unhandled_interrupt
 *fill*         0x40085c66        0x2 
 .text.xt_set_interrupt_handler
                0x40085c68       0x46 C:/msys32/home/jasonma/esp/ESP32-MAX11210/build/freertos\libfreertos.a(xtensa_intr.o)
                0x40085c68                xt_set_interrupt_handler
 *fill*         0x40085cae        0x2 
 .text          0x40085cb0      0x1d0 C:/msys32/home/jasonma/esp/ESP32-MAX11210/build/freertos\libfreertos.a(portasm.o)
                0x40085cb0                _frxt_setup_switch
                0x40085cc8                _frxt_int_enter
                0x40085d10                _frxt_int_exit
                0x40085d60                _frxt_timer_int
                0x40085d88                _frxt_tick_timer_init
                0x40085da0                _frxt_dispatch
                0x40085de8                vPortYield
                0x40085e34                vPortYieldFromInt
                0x40085e54                _frxt_task_coproc_state
 .text          0x40085e80      0x12b C:/msys32/home/jasonma/esp/ESP32-MAX11210/build/freertos\libfreertos.a(xtensa_context.o)
                0x40085e80                _xt_context_save
                0x40085ee8                _xt_context_restore
                0x40085f2c                _xt_coproc_init
                0x40085f40                _xt_coproc_release
                0x40085f6c                _xt_coproc_savecs
                0x40085f8c                _xt_coproc_restorecs
 *fill*         0x40085fab        0x1 
 .text.prvGetNextExpireTime
                0x40085fac       0x20 C:/msys32/home/jasonma/esp/ESP32-MAX11210/build/freertos\libfreertos.a(timers.o)
 .text.prvInsertTimerInActiveList
                0x40085fcc       0x50 C:/msys32/home/jasonma/esp/ESP32-MAX11210/build/freertos\libfreertos.a(timers.o)
                                 0x54 (size before relaxing)
 .text.prvCheckForValidListAndQueue
                0x4008601c       0x66 C:/msys32/home/jasonma/esp/ESP32-MAX11210/build/freertos\libfreertos.a(timers.o)
                                 0x7e (size before relaxing)
 *fill*         0x40086082        0x2 
 .text.xTimerCreateTimerTask
                0x40086084       0x48 C:/msys32/home/jasonma/esp/ESP32-MAX11210/build/freertos\libfreertos.a(timers.o)
                                 0x4c (size before relaxing)
                0x40086084                xTimerCreateTimerTask
 .text.xTimerGenericCommand
                0x400860cc       0x55 C:/msys32/home/jasonma/esp/ESP32-MAX11210/build/freertos\libfreertos.a(timers.o)
                                 0x5d (size before relaxing)
                0x400860cc                xTimerGenericCommand
 *fill*         0x40086121        0x3 
 .text.prvSwitchTimerLists
                0x40086124       0x76 C:/msys32/home/jasonma/esp/ESP32-MAX11210/build/freertos\libfreertos.a(timers.o)
                                 0x82 (size before relaxing)
 *fill*         0x4008619a        0x2 
 .text.prvSampleTimeNow
                0x4008619c       0x2b C:/msys32/home/jasonma/esp/ESP32-MAX11210/build/freertos\libfreertos.a(timers.o)
                                 0x2f (size before relaxing)
 *fill*         0x400861c7        0x1 
 .text.prvProcessExpiredTimer
                0x400861c8       0x53 C:/msys32/home/jasonma/esp/ESP32-MAX11210/build/freertos\libfreertos.a(timers.o)
                                 0x5f (size before relaxing)
 *fill*         0x4008621b        0x1 
 .text.prvProcessTimerOrBlockTask
                0x4008621c       0x58 C:/msys32/home/jasonma/esp/ESP32-MAX11210/build/freertos\libfreertos.a(timers.o)
                                 0x6c (size before relaxing)
 .text.prvProcessReceivedCommands
                0x40086274       0xd6 C:/msys32/home/jasonma/esp/ESP32-MAX11210/build/freertos\libfreertos.a(timers.o)
                                 0xe6 (size before relaxing)
 *fill*         0x4008634a        0x2 
 .text.prvTimerTask
                0x4008634c       0x15 C:/msys32/home/jasonma/esp/ESP32-MAX11210/build/freertos\libfreertos.a(timers.o)
                                 0x1d (size before relaxing)
 *fill*         0x40086361        0x0 
 *fill*         0x40086361        0x0 
 *fill*         0x40086361        0x0 
 *fill*         0x40086361        0x0 
 *fill*         0x40086361        0x0 
 *fill*         0x40086361        0x0 
 *fill*         0x40086361        0x0 
 *fill*         0x40086361        0x0 
 *fill*         0x40086361        0x0 
 *fill*         0x40086361        0x0 
 *fill*         0x40086361        0x0 
 *fill*         0x40086361        0x0 
 *fill*         0x40086361        0x0 
 *fill*         0x40086361        0x0 
 *fill*         0x40086361        0x0 
 *fill*         0x40086361        0x0 
 *fill*         0x40086361        0x0 
 *fill*         0x40086361        0x0 
 *fill*         0x40086361        0x0 
 *fill*         0x40086361        0x0 
 *fill*         0x40086361        0x0 
 *fill*         0x40086361        0x0 
 *fill*         0x40086361        0x0 
 *fill*         0x40086361        0x0 
 *fill*         0x40086361        0x0 
 *fill*         0x40086361        0x0 
 *fill*         0x40086361        0x0 
 *fill*         0x40086361        0x0 
 *fill*         0x40086361        0x0 
 *fill*         0x40086361        0x0 
 *fill*         0x40086361        0x0 
 *fill*         0x40086361        0x3 
 .text.vPortStoreTaskMPUSettings
                0x40086364       0x13 C:/msys32/home/jasonma/esp/ESP32-MAX11210/build/freertos\libfreertos.a(port.o)
                0x40086364                vPortStoreTaskMPUSettings
 *fill*         0x40086377        0x0 
 *fill*         0x40086377        0x0 
 *fill*         0x40086377        0x0 
 *fill*         0x40086377        0x0 
 *fill*         0x40086377        0x0 
 *fill*         0x40086377        0x1 
 .text.vListInitialise
                0x40086378       0x15 C:/msys32/home/jasonma/esp/ESP32-MAX11210/build/freertos\libfreertos.a(list.o)
                0x40086378                vListInitialise
 *fill*         0x4008638d        0x3 
 .text.vListInitialiseItem
                0x40086390        0x9 C:/msys32/home/jasonma/esp/ESP32-MAX11210/build/freertos\libfreertos.a(list.o)
                0x40086390                vListInitialiseItem
 *fill*         0x40086399        0x3 
 .text.vListInsertEnd
                0x4008639c       0x1b C:/msys32/home/jasonma/esp/ESP32-MAX11210/build/freertos\libfreertos.a(list.o)
                0x4008639c                vListInsertEnd
 *fill*         0x400863b7        0x1 
 .text.vListInsert
                0x400863b8       0x2f C:/msys32/home/jasonma/esp/ESP32-MAX11210/build/freertos\libfreertos.a(list.o)
                0x400863b8                vListInsert
 *fill*         0x400863e7        0x1 
 .text.uxListRemove
                0x400863e8       0x26 C:/msys32/home/jasonma/esp/ESP32-MAX11210/build/freertos\libfreertos.a(list.o)
                0x400863e8                uxListRemove
 *fill*         0x4008640e        0x2 
 .text.prvIsQueueEmpty
                0x40086410       0x12 C:/msys32/home/jasonma/esp/ESP32-MAX11210/build/freertos\libfreertos.a(queue.o)
 *fill*         0x40086422        0x0 
 *fill*         0x40086422        0x0 
 *fill*         0x40086422        0x0 
 *fill*         0x40086422        0x0 
 *fill*         0x40086422        0x0 
 *fill*         0x40086422        0x0 
 *fill*         0x40086422        0x0 
 *fill*         0x40086422        0x0 
 *fill*         0x40086422        0x0 
 *fill*         0x40086422        0x0 
 *fill*         0x40086422        0x0 
 *fill*         0x40086422        0x0 
 *fill*         0x40086422        0x0 
 *fill*         0x40086422        0x0 
 *fill*         0x40086422        0x0 
 *fill*         0x40086422        0x0 
 *fill*         0x40086422        0x0 
 *fill*         0x40086422        0x0 
 *fill*         0x40086422        0x2 
 .text          0x40086424       0x33 C:/msys32/home/jasonma/esp/ESP32-MAX11210/build/freertos\libfreertos.a(xtensa_intr_asm.o)
                0x40086424                xt_ints_on
                0x4008643c                xt_ints_off
 *fill*         0x40086457        0x0 
 *fill*         0x40086457        0x0 
 *fill*         0x40086457        0x0 
 *fill*         0x40086457        0x0 
 *fill*         0x40086457        0x0 
 *fill*         0x40086457        0x0 
 *fill*         0x40086457        0x0 
 *libheap.a:multi_heap.o(.literal .text .literal.* .text.*)
 *fill*         0x40086457        0x1 
 .text.get_prev_free_block
                0x40086458       0x68 C:/msys32/home/jasonma/esp/ESP32-MAX11210/build/heap\libheap.a(multi_heap.o)
                                 0x77 (size before relaxing)
 *fill*         0x400864c0        0x0 
 .text.split_if_necessary
                0x400864c0      0x138 C:/msys32/home/jasonma/esp/ESP32-MAX11210/build/heap\libheap.a(multi_heap.o)
                                0x148 (size before relaxing)
 .text.assert_valid_block
                0x400865f8       0xb0 C:/msys32/home/jasonma/esp/ESP32-MAX11210/build/heap\libheap.a(multi_heap.o)
                                 0xb4 (size before relaxing)
 .text.merge_adjacent
                0x400866a8      0x12c C:/msys32/home/jasonma/esp/ESP32-MAX11210/build/heap\libheap.a(multi_heap.o)
                                0x140 (size before relaxing)
 .text.multi_heap_get_allocated_size_impl
                0x400867d4       0x38 C:/msys32/home/jasonma/esp/ESP32-MAX11210/build/heap\libheap.a(multi_heap.o)
                                 0x3c (size before relaxing)
                0x400867d4                multi_heap_get_allocated_size_impl
                0x400867d4                multi_heap_get_allocated_size
 .text.multi_heap_malloc_impl
                0x4008680c      0x110 C:/msys32/home/jasonma/esp/ESP32-MAX11210/build/heap\libheap.a(multi_heap.o)
                                0x120 (size before relaxing)
                0x4008680c                multi_heap_malloc_impl
                0x4008680c                multi_heap_malloc
 .text.multi_heap_free_impl
                0x4008691c      0x130 C:/msys32/home/jasonma/esp/ESP32-MAX11210/build/heap\libheap.a(multi_heap.o)
                                0x14c (size before relaxing)
                0x4008691c                multi_heap_free_impl
                0x4008691c                multi_heap_free
 .text.multi_heap_realloc_impl
                0x40086a4c      0x258 C:/msys32/home/jasonma/esp/ESP32-MAX11210/build/heap\libheap.a(multi_heap.o)
                                0x274 (size before relaxing)
                0x40086a4c                multi_heap_realloc_impl
                0x40086a4c                multi_heap_realloc
 *fill*         0x40086ca4        0x0 
 *fill*         0x40086ca4        0x0 
 .text.multi_heap_register_impl
                0x40086ca4       0x51 C:/msys32/home/jasonma/esp/ESP32-MAX11210/build/heap\libheap.a(multi_heap.o)
                0x40086ca4                multi_heap_register
                0x40086ca4                multi_heap_register_impl
 *fill*         0x40086cf5        0x3 
 .text.multi_heap_set_lock
                0x40086cf8        0x7 C:/msys32/home/jasonma/esp/ESP32-MAX11210/build/heap\libheap.a(multi_heap.o)
                0x40086cf8                multi_heap_set_lock
 *fill*         0x40086cff        0x0 
 *libheap.a:multi_heap_poisoning.o(.literal .text .literal.* .text.*)
 *libesp32.a:panic.o(.literal .text .literal.* .text.*)
 *fill*         0x40086cff        0x1 
 .text.panicPutChar
                0x40086d00       0x1e C:/msys32/home/jasonma/esp/ESP32-MAX11210/build/esp32\libesp32.a(panic.o)
 *fill*         0x40086d1e        0x2 
 .text.panicPutStr
                0x40086d20       0x1a C:/msys32/home/jasonma/esp/ESP32-MAX11210/build/esp32\libesp32.a(panic.o)
 *fill*         0x40086d3a        0x2 
 .text.panicPutHex
                0x40086d3c       0x2c C:/msys32/home/jasonma/esp/ESP32-MAX11210/build/esp32\libesp32.a(panic.o)
                                 0x2f (size before relaxing)
 *fill*         0x40086d68        0x0 
 .text.panicPutDec
                0x40086d68       0x3c C:/msys32/home/jasonma/esp/ESP32-MAX11210/build/esp32\libesp32.a(panic.o)
                                 0x46 (size before relaxing)
 *fill*         0x40086da4        0x0 
 .text.reconfigureAllWdts
                0x40086da4       0xa8 C:/msys32/home/jasonma/esp/ESP32-MAX11210/build/esp32\libesp32.a(panic.o)
 .text.putEntry
                0x40086e4c       0x2b C:/msys32/home/jasonma/esp/ESP32-MAX11210/build/esp32\libesp32.a(panic.o)
                                 0x37 (size before relaxing)
 *fill*         0x40086e77        0x1 
 .text.doBacktrace
                0x40086e78       0x71 C:/msys32/home/jasonma/esp/ESP32-MAX11210/build/esp32\libesp32.a(panic.o)
                                 0x78 (size before relaxing)
 *fill*         0x40086ee9        0x3 
 .text.invoke_abort
                0x40086eec       0x1d C:/msys32/home/jasonma/esp/ESP32-MAX11210/build/esp32\libesp32.a(panic.o)
 *fill*         0x40086f09        0x3 
 .text.haltOtherCore
                0x40086f0c       0x18 C:/msys32/home/jasonma/esp/ESP32-MAX11210/build/esp32\libesp32.a(panic.o)
 .text.esp_panic_wdt_start
                0x40086f24       0x84 C:/msys32/home/jasonma/esp/ESP32-MAX11210/build/esp32\libesp32.a(panic.o)
                                 0x88 (size before relaxing)
 .text.commonErrorHandler_dump
                0x40086fa8       0xd6 C:/msys32/home/jasonma/esp/ESP32-MAX11210/build/esp32\libesp32.a(panic.o)
                                0x116 (size before relaxing)
 *fill*         0x4008707e        0x2 
 .text.esp_panic_dig_reset
                0x40087080       0x33 C:/msys32/home/jasonma/esp/ESP32-MAX11210/build/esp32\libesp32.a(panic.o)
                                 0x37 (size before relaxing)
 *fill*         0x400870b3        0x1 
 .text.abort    0x400870b4       0x2a C:/msys32/home/jasonma/esp/ESP32-MAX11210/build/esp32\libesp32.a(panic.o)
                                 0x2d (size before relaxing)
                0x400870b4                abort
 *fill*         0x400870de        0x2 
 .text.vApplicationStackOverflowHook
                0x400870e0       0x17 C:/msys32/home/jasonma/esp/ESP32-MAX11210/build/esp32\libesp32.a(panic.o)
                                 0x23 (size before relaxing)
                0x400870e0                vApplicationStackOverflowHook
 *fill*         0x400870f7        0x1 
 .text.esp_panic_wdt_stop
                0x400870f8       0x44 C:/msys32/home/jasonma/esp/ESP32-MAX11210/build/esp32\libesp32.a(panic.o)
                0x400870f8                esp_panic_wdt_stop
 .text.commonErrorHandler
                0x4008713c       0x44 C:/msys32/home/jasonma/esp/ESP32-MAX11210/build/esp32\libesp32.a(panic.o)
                                 0x56 (size before relaxing)
 *fill*         0x40087180        0x0 
 .text.panicHandler
                0x40087180      0x163 C:/msys32/home/jasonma/esp/ESP32-MAX11210/build/esp32\libesp32.a(panic.o)
                                0x186 (size before relaxing)
                0x40087180                panicHandler
 *fill*         0x400872e3        0x1 
 .text.xt_unhandled_exception
                0x400872e4       0x77 C:/msys32/home/jasonma/esp/ESP32-MAX11210/build/esp32\libesp32.a(panic.o)
                                 0xa1 (size before relaxing)
                0x400872e4                xt_unhandled_exception
 *fill*         0x4008735b        0x1 
 .text._esp_error_check_failed
                0x4008735c       0x3c C:/msys32/home/jasonma/esp/ESP32-MAX11210/build/esp32\libesp32.a(panic.o)
                                 0x43 (size before relaxing)
                0x4008735c                _esp_error_check_failed
 *fill*         0x40087398        0x0 
 *fill*         0x40087398        0x0 
 *fill*         0x40087398        0x0 
 *fill*         0x40087398        0x0 
 .text.setFirstBreakpoint
                0x40087398       0x13 C:/msys32/home/jasonma/esp/ESP32-MAX11210/build/esp32\libesp32.a(panic.o)
 *fill*         0x400873ab        0x0 
 *fill*         0x400873ab        0x0 
 *fill*         0x400873ab        0x0 
 *fill*         0x400873ab        0x0 
 *fill*         0x400873ab        0x0 
 *fill*         0x400873ab        0x0 
 *fill*         0x400873ab        0x0 
 *fill*         0x400873ab        0x0 
 *fill*         0x400873ab        0x0 
 *fill*         0x400873ab        0x0 
 *libesp32.a:core_dump.o(.literal .text .literal.* .text.*)
 *libapp_trace.a:(.literal .text .literal.* .text.*)
 *libxtensa-debug-module.a:eri.o(.literal .text .literal.* .text.*)
 *fill*         0x400873ab        0x1 
 .text.eri_read
                0x400873ac        0x8 C:/msys32/home/jasonma/esp/ESP32-MAX11210/build/xtensa-debug-module\libxtensa-debug-module.a(eri.o)
                0x400873ac                eri_read
 .text.eri_write
                0x400873b4        0x8 C:/msys32/home/jasonma/esp/ESP32-MAX11210/build/xtensa-debug-module\libxtensa-debug-module.a(eri.o)
                0x400873b4                eri_write
 *librtc.a:(.literal .text .literal.* .text.*)
 *libsoc.a:(.literal .text .literal.* .text.*)
 .text.rtc_clk_32k_enable_internal
                0x400873bc       0x81 C:/msys32/home/jasonma/esp/ESP32-MAX11210/build/soc\libsoc.a(rtc_clk.o)
 *fill*         0x4008743d        0x3 
 .text.rtc_clk_32k_enable
                0x40087440       0x2d C:/msys32/home/jasonma/esp/ESP32-MAX11210/build/soc\libsoc.a(rtc_clk.o)
                0x40087440                rtc_clk_32k_enable
 *fill*         0x4008746d        0x3 
 .text.rtc_clk_32k_bootstrap
                0x40087470       0x9e C:/msys32/home/jasonma/esp/ESP32-MAX11210/build/soc\libsoc.a(rtc_clk.o)
                                 0xa2 (size before relaxing)
                0x40087470                rtc_clk_32k_bootstrap
 *fill*         0x4008750e        0x2 
 .text.rtc_clk_slow_freq_set
                0x40087510       0x48 C:/msys32/home/jasonma/esp/ESP32-MAX11210/build/soc\libsoc.a(rtc_clk.o)
                0x40087510                rtc_clk_slow_freq_set
 .text.rtc_clk_slow_freq_get
                0x40087558       0x10 C:/msys32/home/jasonma/esp/ESP32-MAX11210/build/soc\libsoc.a(rtc_clk.o)
                0x40087558                rtc_clk_slow_freq_get
 .text.rtc_clk_slow_freq_get_hz
                0x40087568       0x29 C:/msys32/home/jasonma/esp/ESP32-MAX11210/build/soc\libsoc.a(rtc_clk.o)
                0x40087568                rtc_clk_slow_freq_get_hz
 *fill*         0x40087591        0x3 
 .text.rtc_clk_fast_freq_set
                0x40087594       0x2a C:/msys32/home/jasonma/esp/ESP32-MAX11210/build/soc\libsoc.a(rtc_clk.o)
                0x40087594                rtc_clk_fast_freq_set
 *fill*         0x400875be        0x2 
 .text.rtc_clk_bbpll_set
                0x400875c0      0x170 C:/msys32/home/jasonma/esp/ESP32-MAX11210/build/soc\libsoc.a(rtc_clk.o)
                                0x178 (size before relaxing)
                0x400875c0                rtc_clk_bbpll_set
 .text.rtc_clk_xtal_freq_get
                0x40087730       0x38 C:/msys32/home/jasonma/esp/ESP32-MAX11210/build/soc\libsoc.a(rtc_clk.o)
                                 0x40 (size before relaxing)
                0x40087730                rtc_clk_xtal_freq_get
                0x40087730                rtc_get_xtal
 .text.rtc_clk_cpu_freq_get
                0x40087768       0x84 C:/msys32/home/jasonma/esp/ESP32-MAX11210/build/soc\libsoc.a(rtc_clk.o)
                                 0x94 (size before relaxing)
                0x40087768                rtc_clk_cpu_freq_get
 .text.rtc_clk_cpu_freq_value
                0x400877ec       0x44 C:/msys32/home/jasonma/esp/ESP32-MAX11210/build/soc\libsoc.a(rtc_clk.o)